Archive member included to satisfy reference by file (symbol)

/private/var/folders/yr/s09md3pj6rnb8t8j8h_nm_rw0000gn/T/arduino/sketches/6F42A684AACEA67484E16B3739D2F520/../../cores/adafruit_samd_adafruit_qtpy_m0_opt_small,usbstack_tinyusb,debug_off_34643cbfd0ea8e45a4ba8f92f810d616/core.a(Print.cpp.o)
                              /private/var/folders/yr/s09md3pj6rnb8t8j8h_nm_rw0000gn/T/arduino/sketches/6F42A684AACEA67484E16B3739D2F520/libraries/Adafruit_TinyUSB_Library/arduino/midi/Adafruit_USBD_MIDI.cpp.o (Print::write(unsigned char const*, unsigned int))
/private/var/folders/yr/s09md3pj6rnb8t8j8h_nm_rw0000gn/T/arduino/sketches/6F42A684AACEA67484E16B3739D2F520/../../cores/adafruit_samd_adafruit_qtpy_m0_opt_small,usbstack_tinyusb,debug_off_34643cbfd0ea8e45a4ba8f92f810d616/core.a(Reset.cpp.o)
                              /private/var/folders/yr/s09md3pj6rnb8t8j8h_nm_rw0000gn/T/arduino/sketches/6F42A684AACEA67484E16B3739D2F520/libraries/Adafruit_TinyUSB_Library/arduino/ports/samd/Adafruit_TinyUSB_samd.cpp.o (initiateReset)
/private/var/folders/yr/s09md3pj6rnb8t8j8h_nm_rw0000gn/T/arduino/sketches/6F42A684AACEA67484E16B3739D2F520/../../cores/adafruit_samd_adafruit_qtpy_m0_opt_small,usbstack_tinyusb,debug_off_34643cbfd0ea8e45a4ba8f92f810d616/core.a(SERCOM.cpp.o)
                              /private/var/folders/yr/s09md3pj6rnb8t8j8h_nm_rw0000gn/T/arduino/sketches/6F42A684AACEA67484E16B3739D2F520/core/variant.cpp.o (SERCOM::SERCOM(Sercom*))
/private/var/folders/yr/s09md3pj6rnb8t8j8h_nm_rw0000gn/T/arduino/sketches/6F42A684AACEA67484E16B3739D2F520/../../cores/adafruit_samd_adafruit_qtpy_m0_opt_small,usbstack_tinyusb,debug_off_34643cbfd0ea8e45a4ba8f92f810d616/core.a(Uart.cpp.o)
                              /private/var/folders/yr/s09md3pj6rnb8t8j8h_nm_rw0000gn/T/arduino/sketches/6F42A684AACEA67484E16B3739D2F520/core/variant.cpp.o (Uart::Uart(SERCOM*, unsigned char, unsigned char, SercomRXPad, SercomUartTXPad))
/private/var/folders/yr/s09md3pj6rnb8t8j8h_nm_rw0000gn/T/arduino/sketches/6F42A684AACEA67484E16B3739D2F520/../../cores/adafruit_samd_adafruit_qtpy_m0_opt_small,usbstack_tinyusb,debug_off_34643cbfd0ea8e45a4ba8f92f810d616/core.a(abi.cpp.o)
                              /private/var/folders/yr/s09md3pj6rnb8t8j8h_nm_rw0000gn/T/arduino/sketches/6F42A684AACEA67484E16B3739D2F520/../../cores/adafruit_samd_adafruit_qtpy_m0_opt_small,usbstack_tinyusb,debug_off_34643cbfd0ea8e45a4ba8f92f810d616/core.a(Print.cpp.o) (__cxa_pure_virtual)
/private/var/folders/yr/s09md3pj6rnb8t8j8h_nm_rw0000gn/T/arduino/sketches/6F42A684AACEA67484E16B3739D2F520/../../cores/adafruit_samd_adafruit_qtpy_m0_opt_small,usbstack_tinyusb,debug_off_34643cbfd0ea8e45a4ba8f92f810d616/core.a(cortex_handlers.c.o)
                              (Reset_Handler)
/private/var/folders/yr/s09md3pj6rnb8t8j8h_nm_rw0000gn/T/arduino/sketches/6F42A684AACEA67484E16B3739D2F520/../../cores/adafruit_samd_adafruit_qtpy_m0_opt_small,usbstack_tinyusb,debug_off_34643cbfd0ea8e45a4ba8f92f810d616/core.a(delay.c.o)
                              /private/var/folders/yr/s09md3pj6rnb8t8j8h_nm_rw0000gn/T/arduino/sketches/6F42A684AACEA67484E16B3739D2F520/sketch/qt_2host_firmware_SAMD21.ino.cpp.o (millis)
/private/var/folders/yr/s09md3pj6rnb8t8j8h_nm_rw0000gn/T/arduino/sketches/6F42A684AACEA67484E16B3739D2F520/../../cores/adafruit_samd_adafruit_qtpy_m0_opt_small,usbstack_tinyusb,debug_off_34643cbfd0ea8e45a4ba8f92f810d616/core.a(hooks.c.o)
                              /private/var/folders/yr/s09md3pj6rnb8t8j8h_nm_rw0000gn/T/arduino/sketches/6F42A684AACEA67484E16B3739D2F520/../../cores/adafruit_samd_adafruit_qtpy_m0_opt_small,usbstack_tinyusb,debug_off_34643cbfd0ea8e45a4ba8f92f810d616/core.a(cortex_handlers.c.o) (sysTickHook)
/private/var/folders/yr/s09md3pj6rnb8t8j8h_nm_rw0000gn/T/arduino/sketches/6F42A684AACEA67484E16B3739D2F520/../../cores/adafruit_samd_adafruit_qtpy_m0_opt_small,usbstack_tinyusb,debug_off_34643cbfd0ea8e45a4ba8f92f810d616/core.a(main.cpp.o)
                              /Users/nevetsokyeron/Library/Arduino15/packages/adafruit/tools/arm-none-eabi-gcc/9-2019q4/bin/../lib/gcc/arm-none-eabi/9.2.1/../../../../arm-none-eabi/lib/thumb/v6-m/nofp/crt0.o (main)
/private/var/folders/yr/s09md3pj6rnb8t8j8h_nm_rw0000gn/T/arduino/sketches/6F42A684AACEA67484E16B3739D2F520/../../cores/adafruit_samd_adafruit_qtpy_m0_opt_small,usbstack_tinyusb,debug_off_34643cbfd0ea8e45a4ba8f92f810d616/core.a(startup.c.o)
                              /private/var/folders/yr/s09md3pj6rnb8t8j8h_nm_rw0000gn/T/arduino/sketches/6F42A684AACEA67484E16B3739D2F520/../../cores/adafruit_samd_adafruit_qtpy_m0_opt_small,usbstack_tinyusb,debug_off_34643cbfd0ea8e45a4ba8f92f810d616/core.a(cortex_handlers.c.o) (SystemInit)
/private/var/folders/yr/s09md3pj6rnb8t8j8h_nm_rw0000gn/T/arduino/sketches/6F42A684AACEA67484E16B3739D2F520/../../cores/adafruit_samd_adafruit_qtpy_m0_opt_small,usbstack_tinyusb,debug_off_34643cbfd0ea8e45a4ba8f92f810d616/core.a(wiring.c.o)
[...]
Memory Configuration

Name             Origin             Length             Attributes
FLASH            0x0000000000002000 0x000000000003e000 xr
RAM              0x0000000020000000 0x0000000000008000 xrw
*default*        0x0000000000000000 0xffffffffffffffff

Linker script and memory map

LOAD /Users/nevetsokyeron/Library/Arduino15/packages/adafruit/tools/arm-none-eabi-gcc/9-2019q4/bin/../lib/gcc/arm-none-eabi/9.2.1/thumb/v6-m/nofp/crti.o
LOAD /Users/nevetsokyeron/Library/Arduino15/packages/adafruit/tools/arm-none-eabi-gcc/9-2019q4/bin/../lib/gcc/arm-none-eabi/9.2.1/thumb/v6-m/nofp/crtbegin.o
LOAD /Users/nevetsokyeron/Library/Arduino15/packages/adafruit/tools/arm-none-eabi-gcc/9-2019q4/bin/../lib/gcc/arm-none-eabi/9.2.1/../../../../arm-none-eabi/lib/thumb/v6-m/nofp/crt0.o
LOAD /private/var/folders/yr/s09md3pj6rnb8t8j8h_nm_rw0000gn/T/arduino/sketches/6F42A684AACEA67484E16B3739D2F520/sketch/qt_2host_firmware_SAMD21.ino.cpp.o
LOAD /private/var/folders/yr/s09md3pj6rnb8t8j8h_nm_rw0000gn/T/arduino/sketches/6F42A684AACEA67484E16B3739D2F520/libraries/Adafruit_TinyUSB_Library/arduino/Adafruit_TinyUSB_API.cpp.o
LOAD /private/var/folders/yr/s09md3pj6rnb8t8j8h_nm_rw0000gn/T/arduino/sketches/6F42A684AACEA67484E16B3739D2F520/libraries/Adafruit_TinyUSB_Library/arduino/Adafruit_USBD_CDC.cpp.o
LOAD /private/var/folders/yr/s09md3pj6rnb8t8j8h_nm_rw0000gn/T/arduino/sketches/6F42A684AACEA67484E16B3739D2F520/libraries/Adafruit_TinyUSB_Library/arduino/Adafruit_USBD_Device.cpp.o
LOAD /private/var/folders/yr/s09md3pj6rnb8t8j8h_nm_rw0000gn/T/arduino/sketches/6F42A684AACEA67484E16B3739D2F520/libraries/Adafruit_TinyUSB_Library/arduino/Adafruit_USBH_Host.cpp.o
LOAD /private/var/folders/yr/s09md3pj6rnb8t8j8h_nm_rw0000gn/T/arduino/sketches/6F42A684AACEA67484E16B3739D2F520/libraries/Adafruit_TinyUSB_Library/arduino/cdc/Adafruit_USBH_CDC.cpp.o
LOAD /private/var/folders/yr/s09md3pj6rnb8t8j8h_nm_rw0000gn/T/arduino/sketches/6F42A684AACEA67484E16B3739D2F520/libraries/Adafruit_TinyUSB_Library/arduino/hid/Adafruit_USBD_HID.cpp.o
LOAD /private/var/folders/yr/s09md3pj6rnb8t8j8h_nm_rw0000gn/T/arduino/sketches/6F42A684AACEA67484E16B3739D2F520/libraries/Adafruit_TinyUSB_Library/arduino/midi/Adafruit_USBD_MIDI.cpp.o
LOAD /private/var/folders/yr/s09md3pj6rnb8t8j8h_nm_rw0000gn/T/arduino/sketches/6F42A684AACEA67484E16B3739D2F520/libraries/Adafruit_TinyUSB_Library/arduino/msc/Adafruit_USBD_MSC.cpp.o
LOAD /private/var/folders/yr/s09md3pj6rnb8t8j8h_nm_rw0000gn/T/arduino/sketches/6F42A684AACEA67484E16B3739D2F520/libraries/Adafruit_TinyUSB_Library/arduino/msc/Adafruit_USBH_MSC.cpp.o
LOAD /private/var/folders/yr/s09md3pj6rnb8t8j8h_nm_rw0000gn/T/arduino/sketches/6F42A684AACEA67484E16B3739D2F520/libraries/Adafruit_TinyUSB_Library/arduino/ports/esp32/Adafruit_TinyUSB_esp32.cpp.o
LOAD /private/var/folders/yr/s09md3pj6rnb8t8j8h_nm_rw0000gn/T/arduino/sketches/6F42A684AACEA67484E16B3739D2F520/libraries/Adafruit_TinyUSB_Library/arduino/ports/nrf/Adafruit_TinyUSB_nrf.cpp.o
LOAD /private/var/folders/yr/s09md3pj6rnb8t8j8h_nm_rw0000gn/T/arduino/sketches/6F42A684AACEA67484E16B3739D2F520/libraries/Adafruit_TinyUSB_Library/arduino/ports/rp2040/Adafruit_TinyUSB_rp2040.cpp.o
LOAD /private/var/folders/yr/s09md3pj6rnb8t8j8h_nm_rw0000gn/T/arduino/sketches/6F42A684AACEA67484E16B3739D2F520/libraries/Adafruit_TinyUSB_Library/arduino/ports/samd/Adafruit_TinyUSB_samd.cpp.o
LOAD /private/var/folders/yr/s09md3pj6rnb8t8j8h_nm_rw0000gn/T/arduino/sketches/6F42A684AACEA67484E16B3739D2F520/libraries/Adafruit_TinyUSB_Library/arduino/webusb/Adafruit_USBD_WebUSB.cpp.o
LOAD /private/var/folders/yr/s09md3pj6rnb8t8j8h_nm_rw0000gn/T/arduino/sketches/6F42A684AACEA67484E16B3739D2F520/libraries/Adafruit_TinyUSB_Library/class/audio/audio_device.c.o
LOAD /private/var/folders/yr/s09md3pj6rnb8t8j8h_nm_rw0000gn/T/arduino/sketches/6F42A684AACEA67484E16B3739D2F520/libraries/Adafruit_TinyUSB_Library/class/bth/bth_device.c.o
LOAD /private/var/folders/yr/s09md3pj6rnb8t8j8h_nm_rw0000gn/T/arduino/sketches/6F42A684AACEA67484E16B3739D2F520/libraries/Adafruit_TinyUSB_Library/class/cdc/cdc_device.c.o
LOAD /private/var/folders/yr/s09md3pj6rnb8t8j8h_nm_rw0000gn/T/arduino/sketches/6F42A684AACEA67484E16B3739D2F520/libraries/Adafruit_TinyUSB_Library/class/cdc/cdc_host.c.o
LOAD /private/var/folders/yr/s09md3pj6rnb8t8j8h_nm_rw0000gn/T/arduino/sketches/6F42A684AACEA67484E16B3739D2F520/libraries/Adafruit_TinyUSB_Library/class/dfu/dfu_device.c.o
LOAD /private/var/folders/yr/s09md3pj6rnb8t8j8h_nm_rw0000gn/T/arduino/sketches/6F42A684AACEA67484E16B3739D2F520/libraries/Adafruit_TinyUSB_Library/class/dfu/dfu_rt_device.c.o
LOAD /private/var/folders/yr/s09md3pj6rnb8t8j8h_nm_rw0000gn/T/arduino/sketches/6F42A684AACEA67484E16B3739D2F520/libraries/Adafruit_TinyUSB_Library/class/hid/hid_device.c.o
LOAD /private/var/folders/yr/s09md3pj6rnb8t8j8h_nm_rw0000gn/T/arduino/sketches/6F42A684AACEA67484E16B3739D2F520/libraries/Adafruit_TinyUSB_Library/class/hid/hid_host.c.o
LOAD /private/var/folders/yr/s09md3pj6rnb8t8j8h_nm_rw0000gn/T/arduino/sketches/6F42A684AACEA67484E16B3739D2F520/libraries/Adafruit_TinyUSB_Library/class/midi/midi_device.c.o
LOAD /private/var/folders/yr/s09md3pj6rnb8t8j8h_nm_rw0000gn/T/arduino/sketches/6F42A684AACEA67484E16B3739D2F520/libraries/Adafruit_TinyUSB_Library/class/msc/msc_device.c.o
LOAD /private/var/folders/yr/s09md3pj6rnb8t8j8h_nm_rw0000gn/T/arduino/sketches/6F42A684AACEA67484E16B3739D2F520/libraries/Adafruit_TinyUSB_Library/class/msc/msc_host.c.o
LOAD /private/var/folders/yr/s09md3pj6rnb8t8j8h_nm_rw0000gn/T/arduino/sketches/6F42A684AACEA67484E16B3739D2F520/libraries/Adafruit_TinyUSB_Library/class/net/ecm_rndis_device.c.o
LOAD /private/var/folders/yr/s09md3pj6rnb8t8j8h_nm_rw0000gn/T/arduino/sketches/6F42A684AACEA67484E16B3739D2F520/libraries/Adafruit_TinyUSB_Library/class/net/ncm_device.c.o
LOAD /private/var/folders/yr/s09md3pj6rnb8t8j8h_nm_rw0000gn/T/arduino/sketches/6F42A684AACEA67484E16B3739D2F520/libraries/Adafruit_TinyUSB_Library/class/usbtmc/usbtmc_device.c.o
LOAD /private/var/folders/yr/s09md3pj6rnb8t8j8h_nm_rw0000gn/T/arduino/sketches/6F42A684AACEA67484E16B3739D2F520/libraries/Adafruit_TinyUSB_Library/class/vendor/vendor_device.c.o
LOAD /private/var/folders/yr/s09md3pj6rnb8t8j8h_nm_rw0000gn/T/arduino/sketches/6F42A684AACEA67484E16B3739D2F520/libraries/Adafruit_TinyUSB_Library/class/video/video_device.c.o
LOAD /private/var/folders/yr/s09md3pj6rnb8t8j8h_nm_rw0000gn/T/arduino/sketches/6F42A684AACEA67484E16B3739D2F520/libraries/Adafruit_TinyUSB_Library/common/tusb_fifo.c.o
LOAD /private/var/folders/yr/s09md3pj6rnb8t8j8h_nm_rw0000gn/T/arduino/sketches/6F42A684AACEA67484E16B3739D2F520/libraries/Adafruit_TinyUSB_Library/device/usbd.c.o
LOAD /private/var/folders/yr/s09md3pj6rnb8t8j8h_nm_rw0000gn/T/arduino/sketches/6F42A684AACEA67484E16B3739D2F520/libraries/Adafruit_TinyUSB_Library/device/usbd_control.c.o
LOAD /private/var/folders/yr/s09md3pj6rnb8t8j8h_nm_rw0000gn/T/arduino/sketches/6F42A684AACEA67484E16B3739D2F520/libraries/Adafruit_TinyUSB_Library/host/hub.c.o
LOAD /private/var/folders/yr/s09md3pj6rnb8t8j8h_nm_rw0000gn/T/arduino/sketches/6F42A684AACEA67484E16B3739D2F520/libraries/Adafruit_TinyUSB_Library/host/usbh.c.o
LOAD /private/var/folders/yr/s09md3pj6rnb8t8j8h_nm_rw0000gn/T/arduino/sketches/6F42A684AACEA67484E16B3739D2F520/libraries/Adafruit_TinyUSB_Library/portable/chipidea/ci_hs/dcd_ci_hs.c.o
LOAD /private/var/folders/yr/s09md3pj6rnb8t8j8h_nm_rw0000gn/T/arduino/sketches/6F42A684AACEA67484E16B3739D2F520/libraries/Adafruit_TinyUSB_Library/portable/chipidea/ci_hs/hcd_ci_hs.c.o
LOAD /private/var/folders/yr/s09md3pj6rnb8t8j8h_nm_rw0000gn/T/arduino/sketches/6F42A684AACEA67484E16B3739D2F520/libraries/Adafruit_TinyUSB_Library/portable/microchip/samd/dcd_samd.c.o
LOAD /private/var/folders/yr/s09md3pj6rnb8t8j8h_nm_rw0000gn/T/arduino/sketches/6F42A684AACEA67484E16B3739D2F520/libraries/Adafruit_TinyUSB_Library/portable/nordic/nrf5x/dcd_nrf5x.c.o
LOAD /private/var/folders/yr/s09md3pj6rnb8t8j8h_nm_rw0000gn/T/arduino/sketches/6F42A684AACEA67484E16B3739D2F520/libraries/Adafruit_TinyUSB_Library/portable/raspberrypi/pio_usb/dcd_pio_usb.c.o
LOAD /private/var/folders/yr/s09md3pj6rnb8t8j8h_nm_rw0000gn/T/arduino/sketches/6F42A684AACEA67484E16B3739D2F520/libraries/Adafruit_TinyUSB_Library/portable/raspberrypi/pio_usb/hcd_pio_usb.c.o
LOAD /private/var/folders/yr/s09md3pj6rnb8t8j8h_nm_rw0000gn/T/arduino/sketches/6F42A684AACEA67484E16B3739D2F520/libraries/Adafruit_TinyUSB_Library/portable/raspberrypi/rp2040/dcd_rp2040.c.o
LOAD /private/var/folders/yr/s09md3pj6rnb8t8j8h_nm_rw0000gn/T/arduino/sketches/6F42A684AACEA67484E16B3739D2F520/libraries/Adafruit_TinyUSB_Library/portable/raspberrypi/rp2040/hcd_rp2040.c.o
LOAD /private/var/folders/yr/s09md3pj6rnb8t8j8h_nm_rw0000gn/T/arduino/sketches/6F42A684AACEA67484E16B3739D2F520/libraries/Adafruit_TinyUSB_Library/portable/raspberrypi/rp2040/rp2040_usb.c.o
LOAD /private/var/folders/yr/s09md3pj6rnb8t8j8h_nm_rw0000gn/T/arduino/sketches/6F42A684AACEA67484E16B3739D2F520/libraries/Adafruit_TinyUSB_Library/tusb.c.o
LOAD /private/var/folders/yr/s09md3pj6rnb8t8j8h_nm_rw0000gn/T/arduino/sketches/6F42A684AACEA67484E16B3739D2F520/libraries/MIDI_Library/MIDI.cpp.o
LOAD /private/var/folders/yr/s09md3pj6rnb8t8j8h_nm_rw0000gn/T/arduino/sketches/6F42A684AACEA67484E16B3739D2F520/libraries/Adafruit_NeoPixel/Adafruit_NeoPixel.cpp.o
LOAD /private/var/folders/yr/s09md3pj6rnb8t8j8h_nm_rw0000gn/T/arduino/sketches/6F42A684AACEA67484E16B3739D2F520/libraries/Adafruit_NeoPixel/esp.c.o
LOAD /private/var/folders/yr/s09md3pj6rnb8t8j8h_nm_rw0000gn/T/arduino/sketches/6F42A684AACEA67484E16B3739D2F520/libraries/Adafruit_NeoPixel/esp8266.c.o
LOAD /private/var/folders/yr/s09md3pj6rnb8t8j8h_nm_rw0000gn/T/arduino/sketches/6F42A684AACEA67484E16B3739D2F520/libraries/Adafruit_NeoPixel/kendyte_k210.c.o
LOAD /private/var/folders/yr/s09md3pj6rnb8t8j8h_nm_rw0000gn/T/arduino/sketches/6F42A684AACEA67484E16B3739D2F520/core/variant.cpp.o
START GROUP
LOAD /Users/nevetsokyeron/Library/Arduino15/packages/adafruit/tools/CMSIS/5.4.0/CMSIS/Lib/GCC//libarm_cortexM0l_math.a
LOAD /private/var/folders/yr/s09md3pj6rnb8t8j8h_nm_rw0000gn/T/arduino/sketches/6F42A684AACEA67484E16B3739D2F520/../../cores/adafruit_samd_adafruit_qtpy_m0_opt_small,usbstack_tinyusb,debug_off_34643cbfd0ea8e45a4ba8f92f810d616/core.a
END GROUP
LOAD /Users/nevetsokyeron/Library/Arduino15/packages/adafruit/tools/arm-none-eabi-gcc/9-2019q4/bin/../lib/gcc/arm-none-eabi/9.2.1/../../../../arm-none-eabi/lib/thumb/v6-m/nofp/libstdc++_nano.a
LOAD /Users/nevetsokyeron/Library/Arduino15/packages/adafruit/tools/arm-none-eabi-gcc/9-2019q4/bin/../lib/gcc/arm-none-eabi/9.2.1/../../../../arm-none-eabi/lib/thumb/v6-m/nofp/libm.a
START GROUP
LOAD /Users/nevetsokyeron/Library/Arduino15/packages/adafruit/tools/arm-none-eabi-gcc/9-2019q4/bin/../lib/gcc/arm-none-eabi/9.2.1/thumb/v6-m/nofp/libgcc.a
LOAD /Users/nevetsokyeron/Library/Arduino15/packages/adafruit/tools/arm-none-eabi-gcc/9-2019q4/bin/../lib/gcc/arm-none-eabi/9.2.1/../../../../arm-none-eabi/lib/thumb/v6-m/nofp/libc_nano.a
END GROUP
START GROUP
LOAD /Users/nevetsokyeron/Library/Arduino15/packages/adafruit/tools/arm-none-eabi-gcc/9-2019q4/bin/../lib/gcc/arm-none-eabi/9.2.1/thumb/v6-m/nofp/libgcc.a
LOAD /Users/nevetsokyeron/Library/Arduino15/packages/adafruit/tools/arm-none-eabi-gcc/9-2019q4/bin/../lib/gcc/arm-none-eabi/9.2.1/../../../../arm-none-eabi/lib/thumb/v6-m/nofp/libc_nano.a
LOAD /Users/nevetsokyeron/Library/Arduino15/packages/adafruit/tools/arm-none-eabi-gcc/9-2019q4/bin/../lib/gcc/arm-none-eabi/9.2.1/../../../../arm-none-eabi/lib/thumb/v6-m/nofp/libnosys.a
END GROUP
START GROUP
LOAD /Users/nevetsokyeron/Library/Arduino15/packages/adafruit/tools/arm-none-eabi-gcc/9-2019q4/bin/../lib/gcc/arm-none-eabi/9.2.1/thumb/v6-m/nofp/libgcc.a
LOAD /Users/nevetsokyeron/Library/Arduino15/packages/adafruit/tools/arm-none-eabi-gcc/9-2019q4/bin/../lib/gcc/arm-none-eabi/9.2.1/../../../../arm-none-eabi/lib/thumb/v6-m/nofp/libc_nano.a
LOAD /Users/nevetsokyeron/Library/Arduino15/packages/adafruit/tools/arm-none-eabi-gcc/9-2019q4/bin/../lib/gcc/arm-none-eabi/9.2.1/../../../../arm-none-eabi/lib/thumb/v6-m/nofp/libnosys.a
END GROUP
LOAD /Users/nevetsokyeron/Library/Arduino15/packages/adafruit/tools/arm-none-eabi-gcc/9-2019q4/bin/../lib/gcc/arm-none-eabi/9.2.1/thumb/v6-m/nofp/crtend.o
LOAD /Users/nevetsokyeron/Library/Arduino15/packages/adafruit/tools/arm-none-eabi-gcc/9-2019q4/bin/../lib/gcc/arm-none-eabi/9.2.1/thumb/v6-m/nofp/crtn.o

.text           0x0000000000002000     0x6560
                0x0000000000002000                __text_start__ = .
 *(.sketch_boot)
                0x0000000000002000                . = ALIGN (0x2000)
 *(.isr_vector)
 .isr_vector    0x0000000000002000       0xb4 /private/var/folders/yr/s09md3pj6rnb8t8j8h_nm_rw0000gn/T/arduino/sketches/6F42A684AACEA67484E16B3739D2F520/../../cores/adafruit_samd_adafruit_qtpy_m0_opt_small,usbstack_tinyusb,debug_off_34643cbfd0ea8e45a4ba8f92f810d616/core.a(cortex_handlers.c.o)
                0x0000000000002000                exception_table
 *(.text*)
 .text          0x00000000000020b4       0x48 /Users/nevetsokyeron/Library/Arduino15/packages/adafruit/tools/arm-none-eabi-gcc/9-2019q4/bin/../lib/gcc/arm-none-eabi/9.2.1/thumb/v6-m/nofp/crtbegin.o
 .text._ZN4midi13MidiInterfaceINS_10SerialMIDII14HardwareSerialNS_21DefaultSerialSettingsEEENS_15DefaultSettingsENS_15DefaultPlatformEED2Ev
                0x00000000000020fc        0x2 /private/var/folders/yr/s09md3pj6rnb8t8j8h_nm_rw0000gn/T/arduino/sketches/6F42A684AACEA67484E16B3739D2F520/sketch/qt_2host_firmware_SAMD21.ino.cpp.o
                0x00000000000020fc                midi::MidiInterface<midi::SerialMIDI<HardwareSerial, midi::DefaultSerialSettings>, midi::DefaultSettings, midi::DefaultPlatform>::~MidiInterface()
                0x00000000000020fc                midi::MidiInterface<midi::SerialMIDI<HardwareSerial, midi::DefaultSerialSettings>, midi::DefaultSettings, midi::DefaultPlatform>::~MidiInterface()
 .text._ZN4midi13MidiInterfaceINS_10SerialMIDII18Adafruit_USBD_MIDINS_21DefaultSerialSettingsEEENS_15DefaultSettingsENS_15DefaultPlatformEED2Ev
                0x00000000000020fe        0x2 /private/var/folders/yr/s09md3pj6rnb8t8j8h_nm_rw0000gn/T/arduino/sketches/6F42A684AACEA67484E16B3739D2F520/sketch/qt_2host_firmware_SAMD21.ino.cpp.o
                0x00000000000020fe                midi::MidiInterface<midi::SerialMIDI<Adafruit_USBD_MIDI, midi::DefaultSerialSettings>, midi::DefaultSettings, midi::DefaultPlatform>::~MidiInterface()
                0x00000000000020fe                midi::MidiInterface<midi::SerialMIDI<Adafruit_USBD_MIDI, midi::DefaultSerialSettings>, midi::DefaultSettings, midi::DefaultPlatform>::~MidiInterface()
 .text._ZN4midi10SerialMIDII18Adafruit_USBD_MIDINS_21DefaultSerialSettingsEE5writeEh.isra.0
                0x0000000000002100        0xa /private/var/folders/yr/s09md3pj6rnb8t8j8h_nm_rw0000gn/T/arduino/sketches/6F42A684AACEA67484E16B3739D2F520/sketch/qt_2host_firmware_SAMD21.ino.cpp.o
 .text._ZN4midi13MidiInterfaceINS_10SerialMIDII18Adafruit_USBD_MIDINS_21DefaultSerialSettingsEEENS_15DefaultSettingsENS_15DefaultPlatformEE12sendRealTimeENS_8MidiTypeE.isra.0
                0x000000000000210a       0x22 /private/var/folders/yr/s09md3pj6rnb8t8j8h_nm_rw0000gn/T/arduino/sketches/6F42A684AACEA67484E16B3739D2F520/sketch/qt_2host_firmware_SAMD21.ino.cpp.o
 .text._ZN4midi10SerialMIDII14HardwareSerialNS_21DefaultSerialSettingsEE5writeEh.isra.0
                0x000000000000212c        0xa /private/var/folders/yr/s09md3pj6rnb8t8j8h_nm_rw0000gn/T/arduino/sketches/6F42A684AACEA67484E16B3739D2F520/sketch/qt_2host_firmware_SAMD21.ino.cpp.o
 .text._ZN4midi13MidiInterfaceINS_10SerialMIDII14HardwareSerialNS_21DefaultSerialSettingsEEENS_15DefaultSettingsENS_15DefaultPlatformEE12sendRealTimeENS_8MidiTypeE.isra.0
                0x0000000000002136       0x22 /private/var/folders/yr/s09md3pj6rnb8t8j8h_nm_rw0000gn/T/arduino/sketches/6F42A684AACEA67484E16B3739D2F520/sketch/qt_2host_firmware_SAMD21.ino.cpp.o
 .text.setup    0x0000000000002158      0x114 /private/var/folders/yr/s09md3pj6rnb8t8j8h_nm_rw0000gn/T/arduino/sketches/6F42A684AACEA67484E16B3739D2F520/sketch/qt_2host_firmware_SAMD21.ino.cpp.o
                0x0000000000002158                setup
 .text._ZN4midi13MidiInterfaceINS_10SerialMIDII18Adafruit_USBD_MIDINS_21DefaultSerialSettingsEEENS_15DefaultSettingsENS_15DefaultPlatformEE4sendENS_8MidiTypeEhhh
                0x000000000000226c       0x5e /private/var/folders/yr/s09md3pj6rnb8t8j8h_nm_rw0000gn/T/arduino/sketches/6F42A684AACEA67484E16B3739D2F520/sketch/qt_2host_firmware_SAMD21.ino.cpp.o
                0x000000000000226c                midi::MidiInterface<midi::SerialMIDI<Adafruit_USBD_MIDI, midi::DefaultSerialSettings>, midi::DefaultSettings, midi::DefaultPlatform>::send(midi::MidiType, unsigned char, unsigned char, unsigned char)
 .text._ZN4midi13MidiInterfaceINS_10SerialMIDII14HardwareSerialNS_21DefaultSerialSettingsEEENS_15DefaultSettingsENS_15DefaultPlatformEE4sendENS_8MidiTypeEhhh
                0x00000000000022ca       0x5e /private/var/folders/yr/s09md3pj6rnb8t8j8h_nm_rw0000gn/T/arduino/sketches/6F42A684AACEA67484E16B3739D2F520/sketch/qt_2host_firmware_SAMD21.ino.cpp.o
                0x00000000000022ca                midi::MidiInterface<midi::SerialMIDI<HardwareSerial, midi::DefaultSerialSettings>, midi::DefaultSettings, midi::DefaultPlatform>::send(midi::MidiType, unsigned char, unsigned char, unsigned char)
 .text._ZN4midi13MidiInterfaceINS_10SerialMIDII14HardwareSerialNS_21DefaultSerialSettingsEEENS_15DefaultSettingsENS_15DefaultPlatformEE14launchCallbackEv
                0x0000000000002328      0x168 /private/var/folders/yr/s09md3pj6rnb8t8j8h_nm_rw0000gn/T/arduino/sketches/6F42A684AACEA67484E16B3739D2F520/sketch/qt_2host_firmware_SAMD21.ino.cpp.o
                0x0000000000002328                midi::MidiInterface<midi::SerialMIDI<HardwareSerial, midi::DefaultSerialSettings>, midi::DefaultSettings, midi::DefaultPlatform>::launchCallback()
 .text._ZN4midi13MidiInterfaceINS_10SerialMIDII14HardwareSerialNS_21DefaultSerialSettingsEEENS_15DefaultSettingsENS_15DefaultPlatformEE10thruFilterEh
                0x0000000000002490      0x128 /private/var/folders/yr/s09md3pj6rnb8t8j8h_nm_rw0000gn/T/arduino/sketches/6F42A684AACEA67484E16B3739D2F520/sketch/qt_2host_firmware_SAMD21.ino.cpp.o
                0x0000000000002490                midi::MidiInterface<midi::SerialMIDI<HardwareSerial, midi::DefaultSerialSettings>, midi::DefaultSettings, midi::DefaultPlatform>::thruFilter(unsigned char)
 .text._ZN4midi13MidiInterfaceINS_10SerialMIDII18Adafruit_USBD_MIDINS_21DefaultSerialSettingsEEENS_15DefaultSettingsENS_15DefaultPlatformEE14launchCallbackEv
                0x00000000000025b8      0x168 /private/var/folders/yr/s09md3pj6rnb8t8j8h_nm_rw0000gn/T/arduino/sketches/6F42A684AACEA67484E16B3739D2F520/sketch/qt_2host_firmware_SAMD21.ino.cpp.o
                0x00000000000025b8                midi::MidiInterface<midi::SerialMIDI<Adafruit_USBD_MIDI, midi::DefaultSerialSettings>, midi::DefaultSettings, midi::DefaultPlatform>::launchCallback()
 .text._ZN4midi13MidiInterfaceINS_10SerialMIDII18Adafruit_USBD_MIDINS_21DefaultSerialSettingsEEENS_15DefaultSettingsENS_15DefaultPlatformEE10thruFilterEh
                0x0000000000002720      0x128 /private/var/folders/yr/s09md3pj6rnb8t8j8h_nm_rw0000gn/T/arduino/sketches/6F42A684AACEA67484E16B3739D2F520/sketch/qt_2host_firmware_SAMD21.ino.cpp.o
                0x0000000000002720                midi::MidiInterface<midi::SerialMIDI<Adafruit_USBD_MIDI, midi::DefaultSerialSettings>, midi::DefaultSettings, midi::DefaultPlatform>::thruFilter(unsigned char)
 .text._ZN4midi13MidiInterfaceINS_10SerialMIDII14HardwareSerialNS_21DefaultSerialSettingsEEENS_15DefaultSettingsENS_15DefaultPlatformEE16isChannelMessageENS_8MidiTypeE
                0x0000000000002848       0x24 /private/var/folders/yr/s09md3pj6rnb8t8j8h_nm_rw0000gn/T/arduino/sketches/6F42A684AACEA67484E16B3739D2F520/sketch/qt_2host_firmware_SAMD21.ino.cpp.o
                0x0000000000002848                midi::MidiInterface<midi::SerialMIDI<HardwareSerial, midi::DefaultSerialSettings>, midi::DefaultSettings, midi::DefaultPlatform>::isChannelMessage(midi::MidiType)
 .text._ZN4midi13MidiInterfaceINS_10SerialMIDII14HardwareSerialNS_21DefaultSerialSettingsEEENS_15DefaultSettingsENS_15DefaultPlatformEE21getTypeFromStatusByteEh
                0x000000000000286c       0x22 /private/var/folders/yr/s09md3pj6rnb8t8j8h_nm_rw0000gn/T/arduino/sketches/6F42A684AACEA67484E16B3739D2F520/sketch/qt_2host_firmware_SAMD21.ino.cpp.o
                0x000000000000286c                midi::MidiInterface<midi::SerialMIDI<HardwareSerial, midi::DefaultSerialSettings>, midi::DefaultSettings, midi::DefaultPlatform>::getTypeFromStatusByte(unsigned char)
 .text._ZN4midi13MidiInterfaceINS_10SerialMIDII18Adafruit_USBD_MIDINS_21DefaultSerialSettingsEEENS_15DefaultSettingsENS_15DefaultPlatformEE16isChannelMessageENS_8MidiTypeE
                0x000000000000288e       0x24 /private/var/folders/yr/s09md3pj6rnb8t8j8h_nm_rw0000gn/T/arduino/sketches/6F42A684AACEA67484E16B3739D2F520/sketch/qt_2host_firmware_SAMD21.ino.cpp.o
                0x000000000000288e                midi::MidiInterface<midi::SerialMIDI<Adafruit_USBD_MIDI, midi::DefaultSerialSettings>, midi::DefaultSettings, midi::DefaultPlatform>::isChannelMessage(midi::MidiType)
 .text._ZN4midi13MidiInterfaceINS_10SerialMIDII18Adafruit_USBD_MIDINS_21DefaultSerialSettingsEEENS_15DefaultSettingsENS_15DefaultPlatformEE21getTypeFromStatusByteEh
                0x00000000000028b2       0x22 /private/var/folders/yr/s09md3pj6rnb8t8j8h_nm_rw0000gn/T/arduino/sketches/6F42A684AACEA67484E16B3739D2F520/sketch/qt_2host_firmware_SAMD21.ino.cpp.o
                0x00000000000028b2                midi::MidiInterface<midi::SerialMIDI<Adafruit_USBD_MIDI, midi::DefaultSerialSettings>, midi::DefaultSettings, midi::DefaultPlatform>::getTypeFromStatusByte(unsigned char)
 .text.startup._GLOBAL__sub_I_usb_midi
                0x00000000000028d4      0x168 /private/var/folders/yr/s09md3pj6rnb8t8j8h_nm_rw0000gn/T/arduino/sketches/6F42A684AACEA67484E16B3739D2F520/sketch/qt_2host_firmware_SAMD21.ino.cpp.o
 .text.loop     0x0000000000002a3c      0x7b4 /private/var/folders/yr/s09md3pj6rnb8t8j8h_nm_rw0000gn/T/arduino/sketches/6F42A684AACEA67484E16B3739D2F520/sketch/qt_2host_firmware_SAMD21.ino.cpp.o
                0x0000000000002a3c                loop
 .text.TinyUSB_Device_Init
                0x00000000000031f0       0x10 /private/var/folders/yr/s09md3pj6rnb8t8j8h_nm_rw0000gn/T/arduino/sketches/6F42A684AACEA67484E16B3739D2F520/libraries/Adafruit_TinyUSB_Library/arduino/Adafruit_TinyUSB_API.cpp.o
                0x00000000000031f0                TinyUSB_Device_Init
 .text.TinyUSB_Device_Task
                0x0000000000003200        0xe /private/var/folders/yr/s09md3pj6rnb8t8j8h_nm_rw0000gn/T/arduino/sketches/6F42A684AACEA67484E16B3739D2F520/libraries/Adafruit_TinyUSB_Library/arduino/Adafruit_TinyUSB_API.cpp.o
                0x0000000000003200                TinyUSB_Device_Task
 .text.TinyUSB_Device_FlushCDC
                0x000000000000320e       0x1c /private/var/folders/yr/s09md3pj6rnb8t8j8h_nm_rw0000gn/T/arduino/sketches/6F42A684AACEA67484E16B3739D2F520/libraries/Adafruit_TinyUSB_Library/arduino/Adafruit_TinyUSB_API.cpp.o
                0x000000000000320e                TinyUSB_Device_FlushCDC
 *fill*         0x000000000000322a        0x2 
 .text._ZN17Adafruit_USBD_CDC22getInterfaceDescriptorEhPht
                0x000000000000322c       0xe0 /private/var/folders/yr/s09md3pj6rnb8t8j8h_nm_rw0000gn/T/arduino/sketches/6F42A684AACEA67484E16B3739D2F520/libraries/Adafruit_TinyUSB_Library/arduino/Adafruit_USBD_CDC.cpp.o
                0x000000000000322c                Adafruit_USBD_CDC::getInterfaceDescriptor(unsigned char, unsigned char*, unsigned short)
 .text._ZThn16_N17Adafruit_USBD_CDC22getInterfaceDescriptorEhPht
                0x000000000000330c       0x10 /private/var/folders/yr/s09md3pj6rnb8t8j8h_nm_rw0000gn/T/arduino/sketches/6F42A684AACEA67484E16B3739D2F520/libraries/Adafruit_TinyUSB_Library/arduino/Adafruit_USBD_CDC.cpp.o
                0x000000000000330c                non-virtual thunk to Adafruit_USBD_CDC::getInterfaceDescriptor(unsigned char, unsigned char*, unsigned short)
 .text._ZN17Adafruit_USBD_CDC5writeEh
                0x000000000000331c       0x14 /private/var/folders/yr/s09md3pj6rnb8t8j8h_nm_rw0000gn/T/arduino/sketches/6F42A684AACEA67484E16B3739D2F520/libraries/Adafruit_TinyUSB_Library/arduino/Adafruit_USBD_CDC.cpp.o
                0x000000000000331c                Adafruit_USBD_CDC::write(unsigned char)
 .text._ZN17Adafruit_USBD_CDC9availableEv
                0x0000000000003330       0x1a /private/var/folders/yr/s09md3pj6rnb8t8j8h_nm_rw0000gn/T/arduino/sketches/6F42A684AACEA67484E16B3739D2F520/libraries/Adafruit_TinyUSB_Library/arduino/Adafruit_USBD_CDC.cpp.o
                0x0000000000003330                Adafruit_USBD_CDC::available()
 .text._ZN17Adafruit_USBD_CDC4peekEv
                0x000000000000334a       0x20 /private/var/folders/yr/s09md3pj6rnb8t8j8h_nm_rw0000gn/T/arduino/sketches/6F42A684AACEA67484E16B3739D2F520/libraries/Adafruit_TinyUSB_Library/arduino/Adafruit_USBD_CDC.cpp.o
                0x000000000000334a                Adafruit_USBD_CDC::peek()
 .text._ZN17Adafruit_USBD_CDC4readEv
                0x000000000000336a       0x22 /private/var/folders/yr/s09md3pj6rnb8t8j8h_nm_rw0000gn/T/arduino/sketches/6F42A684AACEA67484E16B3739D2F520/libraries/Adafruit_TinyUSB_Library/arduino/Adafruit_USBD_CDC.cpp.o
                0x000000000000336a                Adafruit_USBD_CDC::read()
 .text._ZN17Adafruit_USBD_CDC5flushEv
                0x000000000000338c        0xe /private/var/folders/yr/s09md3pj6rnb8t8j8h_nm_rw0000gn/T/arduino/sketches/6F42A684AACEA67484E16B3739D2F520/libraries/Adafruit_TinyUSB_Library/arduino/Adafruit_USBD_CDC.cpp.o
                0x000000000000338c                Adafruit_USBD_CDC::flush()
 .text._ZN17Adafruit_USBD_CDC17availableForWriteEv
                0x000000000000339a       0x12 /private/var/folders/yr/s09md3pj6rnb8t8j8h_nm_rw0000gn/T/arduino/sketches/6F42A684AACEA67484E16B3739D2F520/libraries/Adafruit_TinyUSB_Library/arduino/Adafruit_USBD_CDC.cpp.o
                0x000000000000339a                Adafruit_USBD_CDC::availableForWrite()
 .text._ZN17Adafruit_USBD_CDC5writeEPKhj
                0x00000000000033ac       0x3c /private/var/folders/yr/s09md3pj6rnb8t8j8h_nm_rw0000gn/T/arduino/sketches/6F42A684AACEA67484E16B3739D2F520/libraries/Adafruit_TinyUSB_Library/arduino/Adafruit_USBD_CDC.cpp.o
                0x00000000000033ac                Adafruit_USBD_CDC::write(unsigned char const*, unsigned int)
 .text._ZN17Adafruit_USBD_CDC16getInstanceCountEv
                0x00000000000033e8        0xc /private/var/folders/yr/s09md3pj6rnb8t8j8h_nm_rw0000gn/T/arduino/sketches/6F42A684AACEA67484E16B3739D2F520/libraries/Adafruit_TinyUSB_Library/arduino/Adafruit_USBD_CDC.cpp.o
                0x00000000000033e8                Adafruit_USBD_CDC::getInstanceCount()
 .text._ZN17Adafruit_USBD_CDCC2Ev
                0x00000000000033f4       0x24 /private/var/folders/yr/s09md3pj6rnb8t8j8h_nm_rw0000gn/T/arduino/sketches/6F42A684AACEA67484E16B3739D2F520/libraries/Adafruit_TinyUSB_Library/arduino/Adafruit_USBD_CDC.cpp.o
                0x00000000000033f4                Adafruit_USBD_CDC::Adafruit_USBD_CDC()
                0x00000000000033f4                Adafruit_USBD_CDC::Adafruit_USBD_CDC()
 .text._ZN17Adafruit_USBD_CDC5beginEm
                0x0000000000003418       0x34 /private/var/folders/yr/s09md3pj6rnb8t8j8h_nm_rw0000gn/T/arduino/sketches/6F42A684AACEA67484E16B3739D2F520/libraries/Adafruit_TinyUSB_Library/arduino/Adafruit_USBD_CDC.cpp.o
                0x0000000000003418                Adafruit_USBD_CDC::begin(unsigned long)
 .text.tud_cdc_line_state_cb
                0x000000000000344c       0x20 /private/var/folders/yr/s09md3pj6rnb8t8j8h_nm_rw0000gn/T/arduino/sketches/6F42A684AACEA67484E16B3739D2F520/libraries/Adafruit_TinyUSB_Library/arduino/Adafruit_USBD_CDC.cpp.o
                0x000000000000344c                tud_cdc_line_state_cb
 .text.startup._GLOBAL__sub_I_Serial
                0x000000000000346c       0x10 /private/var/folders/yr/s09md3pj6rnb8t8j8h_nm_rw0000gn/T/arduino/sketches/6F42A684AACEA67484E16B3739D2F520/libraries/Adafruit_TinyUSB_Library/arduino/Adafruit_USBD_CDC.cpp.o
 .text._ZL12strcpy_utf16PKcPti.constprop.0
                0x000000000000347c      0x108 /private/var/folders/yr/s09md3pj6rnb8t8j8h_nm_rw0000gn/T/arduino/sketches/6F42A684AACEA67484E16B3739D2F520/libraries/Adafruit_TinyUSB_Library/arduino/Adafruit_USBD_Device.cpp.o
 .text._ZN20Adafruit_USBD_Device25setManufacturerDescriptorEPKc
                0x0000000000003584        0x6 /private/var/folders/yr/s09md3pj6rnb8t8j8h_nm_rw0000gn/T/arduino/sketches/6F42A684AACEA67484E16B3739D2F520/libraries/Adafruit_TinyUSB_Library/arduino/Adafruit_USBD_Device.cpp.o
                0x0000000000003584                Adafruit_USBD_Device::setManufacturerDescriptor(char const*)
 .text._ZN20Adafruit_USBD_Device20setProductDescriptorEPKc
                0x000000000000358a        0x6 /private/var/folders/yr/s09md3pj6rnb8t8j8h_nm_rw0000gn/T/arduino/sketches/6F42A684AACEA67484E16B3739D2F520/libraries/Adafruit_TinyUSB_Library/arduino/Adafruit_USBD_Device.cpp.o
                0x000000000000358a                Adafruit_USBD_Device::setProductDescriptor(char const*)
 .text._ZN20Adafruit_USBD_Device7mountedEv
                0x0000000000003590        0x8 /private/var/folders/yr/s09md3pj6rnb8t8j8h_nm_rw0000gn/T/arduino/sketches/6F42A684AACEA67484E16B3739D2F520/libraries/Adafruit_TinyUSB_Library/arduino/Adafruit_USBD_Device.cpp.o
                0x0000000000003590                Adafruit_USBD_Device::mounted()
 .text._ZN20Adafruit_USBD_Device18clearConfigurationEv
                0x0000000000003598       0x94 /private/var/folders/yr/s09md3pj6rnb8t8j8h_nm_rw0000gn/T/arduino/sketches/6F42A684AACEA67484E16B3739D2F520/libraries/Adafruit_TinyUSB_Library/arduino/Adafruit_USBD_Device.cpp.o
                0x0000000000003598                Adafruit_USBD_Device::clearConfiguration()
 .text._ZN20Adafruit_USBD_Device12addInterfaceER23Adafruit_USBD_Interface
                0x000000000000362c       0xc6 /private/var/folders/yr/s09md3pj6rnb8t8j8h_nm_rw0000gn/T/arduino/sketches/6F42A684AACEA67484E16B3739D2F520/libraries/Adafruit_TinyUSB_Library/arduino/Adafruit_USBD_Device.cpp.o
                0x000000000000362c                Adafruit_USBD_Device::addInterface(Adafruit_USBD_Interface&)
 *fill*         0x00000000000036f2        0x2 
 .text._ZN20Adafruit_USBD_Device5beginEh
                0x00000000000036f4       0x30 /private/var/folders/yr/s09md3pj6rnb8t8j8h_nm_rw0000gn/T/arduino/sketches/6F42A684AACEA67484E16B3739D2F520/libraries/Adafruit_TinyUSB_Library/arduino/Adafruit_USBD_Device.cpp.o
                0x00000000000036f4                Adafruit_USBD_Device::begin(unsigned char)
 .text._ZN20Adafruit_USBD_Device19getSerialDescriptorEPt
                0x0000000000003724       0x70 /private/var/folders/yr/s09md3pj6rnb8t8j8h_nm_rw0000gn/T/arduino/sketches/6F42A684AACEA67484E16B3739D2F520/libraries/Adafruit_TinyUSB_Library/arduino/Adafruit_USBD_Device.cpp.o
                0x0000000000003724                Adafruit_USBD_Device::getSerialDescriptor(unsigned short*)
 .text._ZN20Adafruit_USBD_Device20descriptor_string_cbEht
                0x0000000000003794       0x5c /private/var/folders/yr/s09md3pj6rnb8t8j8h_nm_rw0000gn/T/arduino/sketches/6F42A684AACEA67484E16B3739D2F520/libraries/Adafruit_TinyUSB_Library/arduino/Adafruit_USBD_Device.cpp.o
                0x0000000000003794                Adafruit_USBD_Device::descriptor_string_cb(unsigned char, unsigned short)
 .text.tud_descriptor_device_cb
                0x00000000000037f0        0x8 /private/var/folders/yr/s09md3pj6rnb8t8j8h_nm_rw0000gn/T/arduino/sketches/6F42A684AACEA67484E16B3739D2F520/libraries/Adafruit_TinyUSB_Library/arduino/Adafruit_USBD_Device.cpp.o
                0x00000000000037f0                tud_descriptor_device_cb
 .text.tud_descriptor_configuration_cb
                0x00000000000037f8        0xc /private/var/folders/yr/s09md3pj6rnb8t8j8h_nm_rw0000gn/T/arduino/sketches/6F42A684AACEA67484E16B3739D2F520/libraries/Adafruit_TinyUSB_Library/arduino/Adafruit_USBD_Device.cpp.o
                0x00000000000037f8                tud_descriptor_configuration_cb
 .text.tud_descriptor_string_cb
                0x0000000000003804       0x14 /private/var/folders/yr/s09md3pj6rnb8t8j8h_nm_rw0000gn/T/arduino/sketches/6F42A684AACEA67484E16B3739D2F520/libraries/Adafruit_TinyUSB_Library/arduino/Adafruit_USBD_Device.cpp.o
                0x0000000000003804                tud_descriptor_string_cb
 .text.tud_hid_descriptor_report_cb
                0x0000000000003818       0x10 /private/var/folders/yr/s09md3pj6rnb8t8j8h_nm_rw0000gn/T/arduino/sketches/6F42A684AACEA67484E16B3739D2F520/libraries/Adafruit_TinyUSB_Library/arduino/hid/Adafruit_USBD_HID.cpp.o
                0x0000000000003818                tud_hid_descriptor_report_cb
 .text.tud_hid_get_report_cb
                0x0000000000003828       0x28 /private/var/folders/yr/s09md3pj6rnb8t8j8h_nm_rw0000gn/T/arduino/sketches/6F42A684AACEA67484E16B3739D2F520/libraries/Adafruit_TinyUSB_Library/arduino/hid/Adafruit_USBD_HID.cpp.o
                0x0000000000003828                tud_hid_get_report_cb
 .text.tud_hid_set_report_cb
                0x0000000000003850       0x24 /private/var/folders/yr/s09md3pj6rnb8t8j8h_nm_rw0000gn/T/arduino/sketches/6F42A684AACEA67484E16B3739D2F520/libraries/Adafruit_TinyUSB_Library/arduino/hid/Adafruit_USBD_HID.cpp.o
                0x0000000000003850                tud_hid_set_report_cb
 .text._ZN5Print17availableForWriteEv
                0x0000000000003874        0x4 /private/var/folders/yr/s09md3pj6rnb8t8j8h_nm_rw0000gn/T/arduino/sketches/6F42A684AACEA67484E16B3739D2F520/libraries/Adafruit_TinyUSB_Library/arduino/midi/Adafruit_USBD_MIDI.cpp.o
                0x0000000000003874                Print::availableForWrite()
 .text._ZN18Adafruit_USBD_MIDI4peekEv
                0x0000000000003878        0x6 /private/var/folders/yr/s09md3pj6rnb8t8j8h_nm_rw0000gn/T/arduino/sketches/6F42A684AACEA67484E16B3739D2F520/libraries/Adafruit_TinyUSB_Library/arduino/midi/Adafruit_USBD_MIDI.cpp.o
                0x0000000000003878                Adafruit_USBD_MIDI::peek()
 .text._ZN18Adafruit_USBD_MIDI5flushEv
                0x000000000000387e        0x2 /private/var/folders/yr/s09md3pj6rnb8t8j8h_nm_rw0000gn/T/arduino/sketches/6F42A684AACEA67484E16B3739D2F520/libraries/Adafruit_TinyUSB_Library/arduino/midi/Adafruit_USBD_MIDI.cpp.o
                0x000000000000387e                Adafruit_USBD_MIDI::flush()
 .text._ZN18Adafruit_USBD_MIDI9availableEv
                0x0000000000003880        0xc /private/var/folders/yr/s09md3pj6rnb8t8j8h_nm_rw0000gn/T/arduino/sketches/6F42A684AACEA67484E16B3739D2F520/libraries/Adafruit_TinyUSB_Library/arduino/midi/Adafruit_USBD_MIDI.cpp.o
                0x0000000000003880                Adafruit_USBD_MIDI::available()
 .text._ZN18Adafruit_USBD_MIDI5writeEh
                0x000000000000388c       0x14 /private/var/folders/yr/s09md3pj6rnb8t8j8h_nm_rw0000gn/T/arduino/sketches/6F42A684AACEA67484E16B3739D2F520/libraries/Adafruit_TinyUSB_Library/arduino/midi/Adafruit_USBD_MIDI.cpp.o
                0x000000000000388c                Adafruit_USBD_MIDI::write(unsigned char)
 .text._ZN18Adafruit_USBD_MIDI4readEv
                0x00000000000038a0       0x20 /private/var/folders/yr/s09md3pj6rnb8t8j8h_nm_rw0000gn/T/arduino/sketches/6F42A684AACEA67484E16B3739D2F520/libraries/Adafruit_TinyUSB_Library/arduino/midi/Adafruit_USBD_MIDI.cpp.o
                0x00000000000038a0                Adafruit_USBD_MIDI::read()
 .text._ZN18Adafruit_USBD_MIDIC2Eh
                0x00000000000038c0       0x34 /private/var/folders/yr/s09md3pj6rnb8t8j8h_nm_rw0000gn/T/arduino/sketches/6F42A684AACEA67484E16B3739D2F520/libraries/Adafruit_TinyUSB_Library/arduino/midi/Adafruit_USBD_MIDI.cpp.o
                0x00000000000038c0                Adafruit_USBD_MIDI::Adafruit_USBD_MIDI(unsigned char)
                0x00000000000038c0                Adafruit_USBD_MIDI::Adafruit_USBD_MIDI(unsigned char)
 .text._ZN18Adafruit_USBD_MIDI5beginEv
                0x00000000000038f4       0x14 /private/var/folders/yr/s09md3pj6rnb8t8j8h_nm_rw0000gn/T/arduino/sketches/6F42A684AACEA67484E16B3739D2F520/libraries/Adafruit_TinyUSB_Library/arduino/midi/Adafruit_USBD_MIDI.cpp.o
                0x00000000000038f4                Adafruit_USBD_MIDI::begin()
 .text._ZN18Adafruit_USBD_MIDI11makeItfDescEhPhthh
                0x0000000000003908      0x20c /private/var/folders/yr/s09md3pj6rnb8t8j8h_nm_rw0000gn/T/arduino/sketches/6F42A684AACEA67484E16B3739D2F520/libraries/Adafruit_TinyUSB_Library/arduino/midi/Adafruit_USBD_MIDI.cpp.o
                0x0000000000003908                Adafruit_USBD_MIDI::makeItfDesc(unsigned char, unsigned char*, unsigned short, unsigned char, unsigned char)
 .text._ZN18Adafruit_USBD_MIDI22getInterfaceDescriptorEhPht
                0x0000000000003b14       0x10 /private/var/folders/yr/s09md3pj6rnb8t8j8h_nm_rw0000gn/T/arduino/sketches/6F42A684AACEA67484E16B3739D2F520/libraries/Adafruit_TinyUSB_Library/arduino/midi/Adafruit_USBD_MIDI.cpp.o
                0x0000000000003b14                Adafruit_USBD_MIDI::getInterfaceDescriptor(unsigned char, unsigned char*, unsigned short)
 .text._ZThn16_N18Adafruit_USBD_MIDI22getInterfaceDescriptorEhPht
                0x0000000000003b24       0x10 /private/var/folders/yr/s09md3pj6rnb8t8j8h_nm_rw0000gn/T/arduino/sketches/6F42A684AACEA67484E16B3739D2F520/libraries/Adafruit_TinyUSB_Library/arduino/midi/Adafruit_USBD_MIDI.cpp.o
                0x0000000000003b24                non-virtual thunk to Adafruit_USBD_MIDI::getInterfaceDescriptor(unsigned char, unsigned char*, unsigned short)
 .text.tud_msc_get_maxlun_cb
                0x0000000000003b34       0x14 /private/var/folders/yr/s09md3pj6rnb8t8j8h_nm_rw0000gn/T/arduino/sketches/6F42A684AACEA67484E16B3739D2F520/libraries/Adafruit_TinyUSB_Library/arduino/msc/Adafruit_USBD_MSC.cpp.o
                0x0000000000003b34                tud_msc_get_maxlun_cb
 .text.tud_msc_inquiry_cb
                0x0000000000003b48       0x90 /private/var/folders/yr/s09md3pj6rnb8t8j8h_nm_rw0000gn/T/arduino/sketches/6F42A684AACEA67484E16B3739D2F520/libraries/Adafruit_TinyUSB_Library/arduino/msc/Adafruit_USBD_MSC.cpp.o
                0x0000000000003b48                tud_msc_inquiry_cb
 .text.tud_msc_test_unit_ready_cb
                0x0000000000003bd8       0x44 /private/var/folders/yr/s09md3pj6rnb8t8j8h_nm_rw0000gn/T/arduino/sketches/6F42A684AACEA67484E16B3739D2F520/libraries/Adafruit_TinyUSB_Library/arduino/msc/Adafruit_USBD_MSC.cpp.o
                0x0000000000003bd8                tud_msc_test_unit_ready_cb
 .text.tud_msc_capacity_cb
                0x0000000000003c1c       0x20 /private/var/folders/yr/s09md3pj6rnb8t8j8h_nm_rw0000gn/T/arduino/sketches/6F42A684AACEA67484E16B3739D2F520/libraries/Adafruit_TinyUSB_Library/arduino/msc/Adafruit_USBD_MSC.cpp.o
                0x0000000000003c1c                tud_msc_capacity_cb
 .text.tud_msc_scsi_cb
                0x0000000000003c3c       0x12 /private/var/folders/yr/s09md3pj6rnb8t8j8h_nm_rw0000gn/T/arduino/sketches/6F42A684AACEA67484E16B3739D2F520/libraries/Adafruit_TinyUSB_Library/arduino/msc/Adafruit_USBD_MSC.cpp.o
                0x0000000000003c3c                tud_msc_scsi_cb
 *fill*         0x0000000000003c4e        0x2 
 .text.tud_msc_start_stop_cb
                0x0000000000003c50       0x2c /private/var/folders/yr/s09md3pj6rnb8t8j8h_nm_rw0000gn/T/arduino/sketches/6F42A684AACEA67484E16B3739D2F520/libraries/Adafruit_TinyUSB_Library/arduino/msc/Adafruit_USBD_MSC.cpp.o
                0x0000000000003c50                tud_msc_start_stop_cb
 .text.tud_msc_read10_cb
                0x0000000000003c7c       0x2c /private/var/folders/yr/s09md3pj6rnb8t8j8h_nm_rw0000gn/T/arduino/sketches/6F42A684AACEA67484E16B3739D2F520/libraries/Adafruit_TinyUSB_Library/arduino/msc/Adafruit_USBD_MSC.cpp.o
                0x0000000000003c7c                tud_msc_read10_cb
 .text.tud_msc_write10_cb
                0x0000000000003ca8       0x2c /private/var/folders/yr/s09md3pj6rnb8t8j8h_nm_rw0000gn/T/arduino/sketches/6F42A684AACEA67484E16B3739D2F520/libraries/Adafruit_TinyUSB_Library/arduino/msc/Adafruit_USBD_MSC.cpp.o
                0x0000000000003ca8                tud_msc_write10_cb
 .text.tud_msc_write10_complete_cb
                0x0000000000003cd4       0x20 /private/var/folders/yr/s09md3pj6rnb8t8j8h_nm_rw0000gn/T/arduino/sketches/6F42A684AACEA67484E16B3739D2F520/libraries/Adafruit_TinyUSB_Library/arduino/msc/Adafruit_USBD_MSC.cpp.o
                0x0000000000003cd4                tud_msc_write10_complete_cb
 .text.tud_msc_is_writable_cb
                0x0000000000003cf4       0x24 /private/var/folders/yr/s09md3pj6rnb8t8j8h_nm_rw0000gn/T/arduino/sketches/6F42A684AACEA67484E16B3739D2F520/libraries/Adafruit_TinyUSB_Library/arduino/msc/Adafruit_USBD_MSC.cpp.o
                0x0000000000003cf4                tud_msc_is_writable_cb
 .text.USB_Handler
                0x0000000000003d18        0xa /private/var/folders/yr/s09md3pj6rnb8t8j8h_nm_rw0000gn/T/arduino/sketches/6F42A684AACEA67484E16B3739D2F520/libraries/Adafruit_TinyUSB_Library/arduino/ports/samd/Adafruit_TinyUSB_samd.cpp.o
                0x0000000000003d18                USB_Handler
 *fill*         0x0000000000003d22        0x2 
 .text._Z23TinyUSB_Port_InitDeviceh
                0x0000000000003d24       0x7c /private/var/folders/yr/s09md3pj6rnb8t8j8h_nm_rw0000gn/T/arduino/sketches/6F42A684AACEA67484E16B3739D2F520/libraries/Adafruit_TinyUSB_Library/arduino/ports/samd/Adafruit_TinyUSB_samd.cpp.o
                0x0000000000003d24                TinyUSB_Port_InitDevice(unsigned char)
 .text._Z21TinyUSB_Port_EnterDFUv
                0x0000000000003da0        0xa /private/var/folders/yr/s09md3pj6rnb8t8j8h_nm_rw0000gn/T/arduino/sketches/6F42A684AACEA67484E16B3739D2F520/libraries/Adafruit_TinyUSB_Library/arduino/ports/samd/Adafruit_TinyUSB_samd.cpp.o
                0x0000000000003da0                TinyUSB_Port_EnterDFU()
 *fill*         0x0000000000003daa        0x2 
 .text._Z28TinyUSB_Port_GetSerialNumberPh
                0x0000000000003dac       0x2c /private/var/folders/yr/s09md3pj6rnb8t8j8h_nm_rw0000gn/T/arduino/sketches/6F42A684AACEA67484E16B3739D2F520/libraries/Adafruit_TinyUSB_Library/arduino/ports/samd/Adafruit_TinyUSB_samd.cpp.o
                0x0000000000003dac                TinyUSB_Port_GetSerialNumber(unsigned char*)
 .text.tud_descriptor_bos_cb
                0x0000000000003dd8        0x8 /private/var/folders/yr/s09md3pj6rnb8t8j8h_nm_rw0000gn/T/arduino/sketches/6F42A684AACEA67484E16B3739D2F520/libraries/Adafruit_TinyUSB_Library/arduino/webusb/Adafruit_USBD_WebUSB.cpp.o
                0x0000000000003dd8                tud_descriptor_bos_cb
 .text.tud_vendor_control_xfer_cb
                0x0000000000003de0       0x9c /private/var/folders/yr/s09md3pj6rnb8t8j8h_nm_rw0000gn/T/arduino/sketches/6F42A684AACEA67484E16B3739D2F520/libraries/Adafruit_TinyUSB_Library/arduino/webusb/Adafruit_USBD_WebUSB.cpp.o
                0x0000000000003de0                tud_vendor_control_xfer_cb
 .text._prep_out_transaction
                0x0000000000003e7c       0x48 /private/var/folders/yr/s09md3pj6rnb8t8j8h_nm_rw0000gn/T/arduino/sketches/6F42A684AACEA67484E16B3739D2F520/libraries/Adafruit_TinyUSB_Library/class/cdc/cdc_device.c.o
 .text.tud_cdc_n_connected
                0x0000000000003ec4       0x30 /private/var/folders/yr/s09md3pj6rnb8t8j8h_nm_rw0000gn/T/arduino/sketches/6F42A684AACEA67484E16B3739D2F520/libraries/Adafruit_TinyUSB_Library/class/cdc/cdc_device.c.o
                0x0000000000003ec4                tud_cdc_n_connected
 .text.tud_cdc_n_get_line_coding
                0x0000000000003ef4       0x20 /private/var/folders/yr/s09md3pj6rnb8t8j8h_nm_rw0000gn/T/arduino/sketches/6F42A684AACEA67484E16B3739D2F520/libraries/Adafruit_TinyUSB_Library/class/cdc/cdc_device.c.o
                0x0000000000003ef4                tud_cdc_n_get_line_coding
 .text.tud_cdc_n_available
                0x0000000000003f14       0x18 /private/var/folders/yr/s09md3pj6rnb8t8j8h_nm_rw0000gn/T/arduino/sketches/6F42A684AACEA67484E16B3739D2F520/libraries/Adafruit_TinyUSB_Library/class/cdc/cdc_device.c.o
                0x0000000000003f14                tud_cdc_n_available
 .text.tud_cdc_n_read
                0x0000000000003f2c       0x28 /private/var/folders/yr/s09md3pj6rnb8t8j8h_nm_rw0000gn/T/arduino/sketches/6F42A684AACEA67484E16B3739D2F520/libraries/Adafruit_TinyUSB_Library/class/cdc/cdc_device.c.o
                0x0000000000003f2c                tud_cdc_n_read
 .text.tud_cdc_n_peek
                0x0000000000003f54       0x18 /private/var/folders/yr/s09md3pj6rnb8t8j8h_nm_rw0000gn/T/arduino/sketches/6F42A684AACEA67484E16B3739D2F520/libraries/Adafruit_TinyUSB_Library/class/cdc/cdc_device.c.o
                0x0000000000003f54                tud_cdc_n_peek
 .text.tud_cdc_n_write_flush
                0x0000000000003f6c       0x78 /private/var/folders/yr/s09md3pj6rnb8t8j8h_nm_rw0000gn/T/arduino/sketches/6F42A684AACEA67484E16B3739D2F520/libraries/Adafruit_TinyUSB_Library/class/cdc/cdc_device.c.o
                0x0000000000003f6c                tud_cdc_n_write_flush
 .text.tud_cdc_n_write
                0x0000000000003fe4       0x34 /private/var/folders/yr/s09md3pj6rnb8t8j8h_nm_rw0000gn/T/arduino/sketches/6F42A684AACEA67484E16B3739D2F520/libraries/Adafruit_TinyUSB_Library/class/cdc/cdc_device.c.o
                0x0000000000003fe4                tud_cdc_n_write
 .text.tud_cdc_n_write_available
                0x0000000000004018       0x18 /private/var/folders/yr/s09md3pj6rnb8t8j8h_nm_rw0000gn/T/arduino/sketches/6F42A684AACEA67484E16B3739D2F520/libraries/Adafruit_TinyUSB_Library/class/cdc/cdc_device.c.o
                0x0000000000004018                tud_cdc_n_write_available
 .text.cdcd_init
                0x0000000000004030       0x60 /private/var/folders/yr/s09md3pj6rnb8t8j8h_nm_rw0000gn/T/arduino/sketches/6F42A684AACEA67484E16B3739D2F520/libraries/Adafruit_TinyUSB_Library/class/cdc/cdc_device.c.o
                0x0000000000004030                cdcd_init
 .text.cdcd_reset
                0x0000000000004090       0x30 /private/var/folders/yr/s09md3pj6rnb8t8j8h_nm_rw0000gn/T/arduino/sketches/6F42A684AACEA67484E16B3739D2F520/libraries/Adafruit_TinyUSB_Library/class/cdc/cdc_device.c.o
                0x0000000000004090                cdcd_reset
 .text.cdcd_open
                0x00000000000040c0       0xa4 /private/var/folders/yr/s09md3pj6rnb8t8j8h_nm_rw0000gn/T/arduino/sketches/6F42A684AACEA67484E16B3739D2F520/libraries/Adafruit_TinyUSB_Library/class/cdc/cdc_device.c.o
                0x00000000000040c0                cdcd_open
 .text.cdcd_control_xfer_cb
                0x0000000000004164       0xd8 /private/var/folders/yr/s09md3pj6rnb8t8j8h_nm_rw0000gn/T/arduino/sketches/6F42A684AACEA67484E16B3739D2F520/libraries/Adafruit_TinyUSB_Library/class/cdc/cdc_device.c.o
                0x0000000000004164                cdcd_control_xfer_cb
 .text.cdcd_xfer_cb
                0x000000000000423c       0xe4 /private/var/folders/yr/s09md3pj6rnb8t8j8h_nm_rw0000gn/T/arduino/sketches/6F42A684AACEA67484E16B3739D2F520/libraries/Adafruit_TinyUSB_Library/class/cdc/cdc_device.c.o
                0x000000000000423c                cdcd_xfer_cb
 .text.hidd_reset
                0x0000000000004320       0x14 /private/var/folders/yr/s09md3pj6rnb8t8j8h_nm_rw0000gn/T/arduino/sketches/6F42A684AACEA67484E16B3739D2F520/libraries/Adafruit_TinyUSB_Library/class/hid/hid_device.c.o
                0x0000000000004320                hidd_reset
 .text.hidd_init
                0x0000000000004334        0xa /private/var/folders/yr/s09md3pj6rnb8t8j8h_nm_rw0000gn/T/arduino/sketches/6F42A684AACEA67484E16B3739D2F520/libraries/Adafruit_TinyUSB_Library/class/hid/hid_device.c.o
                0x0000000000004334                hidd_init
 *fill*         0x000000000000433e        0x2 
 .text.hidd_open
                0x0000000000004340       0x94 /private/var/folders/yr/s09md3pj6rnb8t8j8h_nm_rw0000gn/T/arduino/sketches/6F42A684AACEA67484E16B3739D2F520/libraries/Adafruit_TinyUSB_Library/class/hid/hid_device.c.o
                0x0000000000004340                hidd_open
 .text.hidd_control_xfer_cb
                0x00000000000043d4      0x1b4 /private/var/folders/yr/s09md3pj6rnb8t8j8h_nm_rw0000gn/T/arduino/sketches/6F42A684AACEA67484E16B3739D2F520/libraries/Adafruit_TinyUSB_Library/class/hid/hid_device.c.o
                0x00000000000043d4                hidd_control_xfer_cb
 .text.hidd_xfer_cb
                0x0000000000004588       0x60 /private/var/folders/yr/s09md3pj6rnb8t8j8h_nm_rw0000gn/T/arduino/sketches/6F42A684AACEA67484E16B3739D2F520/libraries/Adafruit_TinyUSB_Library/class/hid/hid_device.c.o
                0x0000000000004588                hidd_xfer_cb
 .text._prep_out_transaction
                0x00000000000045e8       0x42 /private/var/folders/yr/s09md3pj6rnb8t8j8h_nm_rw0000gn/T/arduino/sketches/6F42A684AACEA67484E16B3739D2F520/libraries/Adafruit_TinyUSB_Library/class/midi/midi_device.c.o
 .text.write_flush
                0x000000000000462a       0x50 /private/var/folders/yr/s09md3pj6rnb8t8j8h_nm_rw0000gn/T/arduino/sketches/6F42A684AACEA67484E16B3739D2F520/libraries/Adafruit_TinyUSB_Library/class/midi/midi_device.c.o
 *fill*         0x000000000000467a        0x2 
 .text.tud_midi_n_available
                0x000000000000467c       0x28 /private/var/folders/yr/s09md3pj6rnb8t8j8h_nm_rw0000gn/T/arduino/sketches/6F42A684AACEA67484E16B3739D2F520/libraries/Adafruit_TinyUSB_Library/class/midi/midi_device.c.o
                0x000000000000467c                tud_midi_n_available
 .text.tud_midi_n_packet_read
                0x00000000000046a4       0x34 /private/var/folders/yr/s09md3pj6rnb8t8j8h_nm_rw0000gn/T/arduino/sketches/6F42A684AACEA67484E16B3739D2F520/libraries/Adafruit_TinyUSB_Library/class/midi/midi_device.c.o
                0x00000000000046a4                tud_midi_n_packet_read
 .text.tud_midi_n_stream_read
                0x00000000000046d8       0xbc /private/var/folders/yr/s09md3pj6rnb8t8j8h_nm_rw0000gn/T/arduino/sketches/6F42A684AACEA67484E16B3739D2F520/libraries/Adafruit_TinyUSB_Library/class/midi/midi_device.c.o
                0x00000000000046d8                tud_midi_n_stream_read
 .text.tud_midi_n_stream_write
                0x0000000000004794      0x184 /private/var/folders/yr/s09md3pj6rnb8t8j8h_nm_rw0000gn/T/arduino/sketches/6F42A684AACEA67484E16B3739D2F520/libraries/Adafruit_TinyUSB_Library/class/midi/midi_device.c.o
                0x0000000000004794                tud_midi_n_stream_write
 .text.midid_init
                0x0000000000004918       0x44 /private/var/folders/yr/s09md3pj6rnb8t8j8h_nm_rw0000gn/T/arduino/sketches/6F42A684AACEA67484E16B3739D2F520/libraries/Adafruit_TinyUSB_Library/class/midi/midi_device.c.o
                0x0000000000004918                midid_init
 .text.midid_reset
                0x000000000000495c       0x28 /private/var/folders/yr/s09md3pj6rnb8t8j8h_nm_rw0000gn/T/arduino/sketches/6F42A684AACEA67484E16B3739D2F520/libraries/Adafruit_TinyUSB_Library/class/midi/midi_device.c.o
                0x000000000000495c                midid_reset
 .text.midid_open
                0x0000000000004984       0xc0 /private/var/folders/yr/s09md3pj6rnb8t8j8h_nm_rw0000gn/T/arduino/sketches/6F42A684AACEA67484E16B3739D2F520/libraries/Adafruit_TinyUSB_Library/class/midi/midi_device.c.o
                0x0000000000004984                midid_open
 .text.midid_control_xfer_cb
                0x0000000000004a44        0x4 /private/var/folders/yr/s09md3pj6rnb8t8j8h_nm_rw0000gn/T/arduino/sketches/6F42A684AACEA67484E16B3739D2F520/libraries/Adafruit_TinyUSB_Library/class/midi/midi_device.c.o
                0x0000000000004a44                midid_control_xfer_cb
 .text.midid_xfer_cb
                0x0000000000004a48       0x8c /private/var/folders/yr/s09md3pj6rnb8t8j8h_nm_rw0000gn/T/arduino/sketches/6F42A684AACEA67484E16B3739D2F520/libraries/Adafruit_TinyUSB_Library/class/midi/midi_device.c.o
                0x0000000000004a48                midid_xfer_cb
 .text.set_sense_medium_not_present.isra.0
                0x0000000000004ad4       0x18 /private/var/folders/yr/s09md3pj6rnb8t8j8h_nm_rw0000gn/T/arduino/sketches/6F42A684AACEA67484E16B3739D2F520/libraries/Adafruit_TinyUSB_Library/class/msc/msc_device.c.o
 .text.fail_scsi_op.constprop.0
                0x0000000000004aec       0x54 /private/var/folders/yr/s09md3pj6rnb8t8j8h_nm_rw0000gn/T/arduino/sketches/6F42A684AACEA67484E16B3739D2F520/libraries/Adafruit_TinyUSB_Library/class/msc/msc_device.c.o
 .text.proc_write10_cmd.constprop.0
                0x0000000000004b40       0x58 /private/var/folders/yr/s09md3pj6rnb8t8j8h_nm_rw0000gn/T/arduino/sketches/6F42A684AACEA67484E16B3739D2F520/libraries/Adafruit_TinyUSB_Library/class/msc/msc_device.c.o
 .text.proc_read10_cmd.constprop.0
                0x0000000000004b98       0xa8 /private/var/folders/yr/s09md3pj6rnb8t8j8h_nm_rw0000gn/T/arduino/sketches/6F42A684AACEA67484E16B3739D2F520/libraries/Adafruit_TinyUSB_Library/class/msc/msc_device.c.o
 .text.rdwr10_validate_cmd
                0x0000000000004c40       0x56 /private/var/folders/yr/s09md3pj6rnb8t8j8h_nm_rw0000gn/T/arduino/sketches/6F42A684AACEA67484E16B3739D2F520/libraries/Adafruit_TinyUSB_Library/class/msc/msc_device.c.o
                0x0000000000004c40                rdwr10_validate_cmd
 *fill*         0x0000000000004c96        0x2 
 .text.tud_msc_set_sense
                0x0000000000004c98       0x1c /private/var/folders/yr/s09md3pj6rnb8t8j8h_nm_rw0000gn/T/arduino/sketches/6F42A684AACEA67484E16B3739D2F520/libraries/Adafruit_TinyUSB_Library/class/msc/msc_device.c.o
                0x0000000000004c98                tud_msc_set_sense
 .text.mscd_init
                0x0000000000004cb4       0x14 /private/var/folders/yr/s09md3pj6rnb8t8j8h_nm_rw0000gn/T/arduino/sketches/6F42A684AACEA67484E16B3739D2F520/libraries/Adafruit_TinyUSB_Library/class/msc/msc_device.c.o
                0x0000000000004cb4                mscd_init
 .text.mscd_reset
                0x0000000000004cc8       0x14 /private/var/folders/yr/s09md3pj6rnb8t8j8h_nm_rw0000gn/T/arduino/sketches/6F42A684AACEA67484E16B3739D2F520/libraries/Adafruit_TinyUSB_Library/class/msc/msc_device.c.o
                0x0000000000004cc8                mscd_reset
 .text.mscd_open
                0x0000000000004cdc       0x60 /private/var/folders/yr/s09md3pj6rnb8t8j8h_nm_rw0000gn/T/arduino/sketches/6F42A684AACEA67484E16B3739D2F520/libraries/Adafruit_TinyUSB_Library/class/msc/msc_device.c.o
                0x0000000000004cdc                mscd_open
 .text.mscd_control_xfer_cb
                0x0000000000004d3c      0x134 /private/var/folders/yr/s09md3pj6rnb8t8j8h_nm_rw0000gn/T/arduino/sketches/6F42A684AACEA67484E16B3739D2F520/libraries/Adafruit_TinyUSB_Library/class/msc/msc_device.c.o
                0x0000000000004d3c                mscd_control_xfer_cb
 .text.mscd_xfer_cb
                0x0000000000004e70      0x4a8 /private/var/folders/yr/s09md3pj6rnb8t8j8h_nm_rw0000gn/T/arduino/sketches/6F42A684AACEA67484E16B3739D2F520/libraries/Adafruit_TinyUSB_Library/class/msc/msc_device.c.o
                0x0000000000004e70                mscd_xfer_cb
 .text._prep_out_transaction
                0x0000000000005318       0x2a /private/var/folders/yr/s09md3pj6rnb8t8j8h_nm_rw0000gn/T/arduino/sketches/6F42A684AACEA67484E16B3739D2F520/libraries/Adafruit_TinyUSB_Library/class/vendor/vendor_device.c.o
 .text.maybe_transmit
                0x0000000000005342       0x3a /private/var/folders/yr/s09md3pj6rnb8t8j8h_nm_rw0000gn/T/arduino/sketches/6F42A684AACEA67484E16B3739D2F520/libraries/Adafruit_TinyUSB_Library/class/vendor/vendor_device.c.o
 .text.vendord_init
                0x000000000000537c       0x44 /private/var/folders/yr/s09md3pj6rnb8t8j8h_nm_rw0000gn/T/arduino/sketches/6F42A684AACEA67484E16B3739D2F520/libraries/Adafruit_TinyUSB_Library/class/vendor/vendor_device.c.o
                0x000000000000537c                vendord_init
 .text.vendord_reset
                0x00000000000053c0       0x24 /private/var/folders/yr/s09md3pj6rnb8t8j8h_nm_rw0000gn/T/arduino/sketches/6F42A684AACEA67484E16B3739D2F520/libraries/Adafruit_TinyUSB_Library/class/vendor/vendor_device.c.o
                0x00000000000053c0                vendord_reset
 .text.vendord_open
                0x00000000000053e4       0x94 /private/var/folders/yr/s09md3pj6rnb8t8j8h_nm_rw0000gn/T/arduino/sketches/6F42A684AACEA67484E16B3739D2F520/libraries/Adafruit_TinyUSB_Library/class/vendor/vendor_device.c.o
                0x00000000000053e4                vendord_open
 .text.vendord_xfer_cb
                0x0000000000005478       0x5c /private/var/folders/yr/s09md3pj6rnb8t8j8h_nm_rw0000gn/T/arduino/sketches/6F42A684AACEA67484E16B3739D2F520/libraries/Adafruit_TinyUSB_Library/class/vendor/vendor_device.c.o
                0x0000000000005478                vendord_xfer_cb
 .text.advance_pointer
                0x00000000000054d4       0x18 /private/var/folders/yr/s09md3pj6rnb8t8j8h_nm_rw0000gn/T/arduino/sketches/6F42A684AACEA67484E16B3739D2F520/libraries/Adafruit_TinyUSB_Library/common/tusb_fifo.c.o
 .text._tu_fifo_correct_read_pointer
                0x00000000000054ec       0x1e /private/var/folders/yr/s09md3pj6rnb8t8j8h_nm_rw0000gn/T/arduino/sketches/6F42A684AACEA67484E16B3739D2F520/libraries/Adafruit_TinyUSB_Library/common/tusb_fifo.c.o
 *fill*         0x000000000000550a        0x2 
 .text._ff_pull_const_addr
                0x000000000000550c       0x58 /private/var/folders/yr/s09md3pj6rnb8t8j8h_nm_rw0000gn/T/arduino/sketches/6F42A684AACEA67484E16B3739D2F520/libraries/Adafruit_TinyUSB_Library/common/tusb_fifo.c.o
 .text._tu_fifo_peek_n
                0x0000000000005564      0x124 /private/var/folders/yr/s09md3pj6rnb8t8j8h_nm_rw0000gn/T/arduino/sketches/6F42A684AACEA67484E16B3739D2F520/libraries/Adafruit_TinyUSB_Library/common/tusb_fifo.c.o
 .text._ff_push_const_addr
                0x0000000000005688       0x48 /private/var/folders/yr/s09md3pj6rnb8t8j8h_nm_rw0000gn/T/arduino/sketches/6F42A684AACEA67484E16B3739D2F520/libraries/Adafruit_TinyUSB_Library/common/tusb_fifo.c.o
 .text._tu_fifo_peek
                0x00000000000056d0       0x48 /private/var/folders/yr/s09md3pj6rnb8t8j8h_nm_rw0000gn/T/arduino/sketches/6F42A684AACEA67484E16B3739D2F520/libraries/Adafruit_TinyUSB_Library/common/tusb_fifo.c.o
 .text._tu_fifo_write_n.part.0
                0x0000000000005718      0x140 /private/var/folders/yr/s09md3pj6rnb8t8j8h_nm_rw0000gn/T/arduino/sketches/6F42A684AACEA67484E16B3739D2F520/libraries/Adafruit_TinyUSB_Library/common/tusb_fifo.c.o
 .text.tu_fifo_config
                0x0000000000005858       0x2e /private/var/folders/yr/s09md3pj6rnb8t8j8h_nm_rw0000gn/T/arduino/sketches/6F42A684AACEA67484E16B3739D2F520/libraries/Adafruit_TinyUSB_Library/common/tusb_fifo.c.o
                0x0000000000005858                tu_fifo_config
 .text.tu_fifo_count
                0x0000000000005886       0x20 /private/var/folders/yr/s09md3pj6rnb8t8j8h_nm_rw0000gn/T/arduino/sketches/6F42A684AACEA67484E16B3739D2F520/libraries/Adafruit_TinyUSB_Library/common/tusb_fifo.c.o
                0x0000000000005886                tu_fifo_count
 .text.tu_fifo_empty
                0x00000000000058a6        0xe /private/var/folders/yr/s09md3pj6rnb8t8j8h_nm_rw0000gn/T/arduino/sketches/6F42A684AACEA67484E16B3739D2F520/libraries/Adafruit_TinyUSB_Library/common/tusb_fifo.c.o
                0x00000000000058a6                tu_fifo_empty
 .text.tu_fifo_remaining
                0x00000000000058b4       0x1c /private/var/folders/yr/s09md3pj6rnb8t8j8h_nm_rw0000gn/T/arduino/sketches/6F42A684AACEA67484E16B3739D2F520/libraries/Adafruit_TinyUSB_Library/common/tusb_fifo.c.o
                0x00000000000058b4                tu_fifo_remaining
 .text.tu_fifo_read
                0x00000000000058d0       0x24 /private/var/folders/yr/s09md3pj6rnb8t8j8h_nm_rw0000gn/T/arduino/sketches/6F42A684AACEA67484E16B3739D2F520/libraries/Adafruit_TinyUSB_Library/common/tusb_fifo.c.o
                0x00000000000058d0                tu_fifo_read
 .text.tu_fifo_read_n
                0x00000000000058f4       0x2a /private/var/folders/yr/s09md3pj6rnb8t8j8h_nm_rw0000gn/T/arduino/sketches/6F42A684AACEA67484E16B3739D2F520/libraries/Adafruit_TinyUSB_Library/common/tusb_fifo.c.o
                0x00000000000058f4                tu_fifo_read_n
 .text.tu_fifo_peek
                0x000000000000591e       0x10 /private/var/folders/yr/s09md3pj6rnb8t8j8h_nm_rw0000gn/T/arduino/sketches/6F42A684AACEA67484E16B3739D2F520/libraries/Adafruit_TinyUSB_Library/common/tusb_fifo.c.o
                0x000000000000591e                tu_fifo_peek
 .text.tu_fifo_write
                0x000000000000592e       0x4e /private/var/folders/yr/s09md3pj6rnb8t8j8h_nm_rw0000gn/T/arduino/sketches/6F42A684AACEA67484E16B3739D2F520/libraries/Adafruit_TinyUSB_Library/common/tusb_fifo.c.o
                0x000000000000592e                tu_fifo_write
 .text.tu_fifo_write_n
                0x000000000000597c       0x12 /private/var/folders/yr/s09md3pj6rnb8t8j8h_nm_rw0000gn/T/arduino/sketches/6F42A684AACEA67484E16B3739D2F520/libraries/Adafruit_TinyUSB_Library/common/tusb_fifo.c.o
                0x000000000000597c                tu_fifo_write_n
 .text.tu_fifo_clear
                0x000000000000598e       0x18 /private/var/folders/yr/s09md3pj6rnb8t8j8h_nm_rw0000gn/T/arduino/sketches/6F42A684AACEA67484E16B3739D2F520/libraries/Adafruit_TinyUSB_Library/common/tusb_fifo.c.o
                0x000000000000598e                tu_fifo_clear
 .text.tu_fifo_set_overwritable
                0x00000000000059a6        0x6 /private/var/folders/yr/s09md3pj6rnb8t8j8h_nm_rw0000gn/T/arduino/sketches/6F42A684AACEA67484E16B3739D2F520/libraries/Adafruit_TinyUSB_Library/common/tusb_fifo.c.o
                0x00000000000059a6                tu_fifo_set_overwritable
 .text.get_driver
                0x00000000000059ac       0x40 /private/var/folders/yr/s09md3pj6rnb8t8j8h_nm_rw0000gn/T/arduino/sketches/6F42A684AACEA67484E16B3739D2F520/libraries/Adafruit_TinyUSB_Library/device/usbd.c.o
 .text.configuration_reset
                0x00000000000059ec       0x50 /private/var/folders/yr/s09md3pj6rnb8t8j8h_nm_rw0000gn/T/arduino/sketches/6F42A684AACEA67484E16B3739D2F520/libraries/Adafruit_TinyUSB_Library/device/usbd.c.o
 .text.invoke_class_control.isra.0
                0x0000000000005a3c       0x1a /private/var/folders/yr/s09md3pj6rnb8t8j8h_nm_rw0000gn/T/arduino/sketches/6F42A684AACEA67484E16B3739D2F520/libraries/Adafruit_TinyUSB_Library/device/usbd.c.o
 *fill*         0x0000000000005a56        0x2 
 .text.usbd_int_set
                0x0000000000005a58       0x1c /private/var/folders/yr/s09md3pj6rnb8t8j8h_nm_rw0000gn/T/arduino/sketches/6F42A684AACEA67484E16B3739D2F520/libraries/Adafruit_TinyUSB_Library/device/usbd.c.o
                0x0000000000005a58                usbd_int_set
 .text.tud_mounted
                0x0000000000005a74       0x10 /private/var/folders/yr/s09md3pj6rnb8t8j8h_nm_rw0000gn/T/arduino/sketches/6F42A684AACEA67484E16B3739D2F520/libraries/Adafruit_TinyUSB_Library/device/usbd.c.o
                0x0000000000005a74                tud_mounted
 .text.tud_suspended
                0x0000000000005a84       0x10 /private/var/folders/yr/s09md3pj6rnb8t8j8h_nm_rw0000gn/T/arduino/sketches/6F42A684AACEA67484E16B3739D2F520/libraries/Adafruit_TinyUSB_Library/device/usbd.c.o
                0x0000000000005a84                tud_suspended
 .text.tud_inited
                0x0000000000005a94       0x14 /private/var/folders/yr/s09md3pj6rnb8t8j8h_nm_rw0000gn/T/arduino/sketches/6F42A684AACEA67484E16B3739D2F520/libraries/Adafruit_TinyUSB_Library/device/usbd.c.o
                0x0000000000005a94                tud_inited
 .text.tud_init
                0x0000000000005aa8       0x80 /private/var/folders/yr/s09md3pj6rnb8t8j8h_nm_rw0000gn/T/arduino/sketches/6F42A684AACEA67484E16B3739D2F520/libraries/Adafruit_TinyUSB_Library/device/usbd.c.o
                0x0000000000005aa8                tud_init
 .text.dcd_event_handler
                0x0000000000005b28       0xe8 /private/var/folders/yr/s09md3pj6rnb8t8j8h_nm_rw0000gn/T/arduino/sketches/6F42A684AACEA67484E16B3739D2F520/libraries/Adafruit_TinyUSB_Library/device/usbd.c.o
                0x0000000000005b28                dcd_event_handler
 .text.usbd_edpt_open
                0x0000000000005c10       0x34 /private/var/folders/yr/s09md3pj6rnb8t8j8h_nm_rw0000gn/T/arduino/sketches/6F42A684AACEA67484E16B3739D2F520/libraries/Adafruit_TinyUSB_Library/device/usbd.c.o
                0x0000000000005c10                usbd_edpt_open
 .text.usbd_open_edpt_pair
                0x0000000000005c44       0x4e /private/var/folders/yr/s09md3pj6rnb8t8j8h_nm_rw0000gn/T/arduino/sketches/6F42A684AACEA67484E16B3739D2F520/libraries/Adafruit_TinyUSB_Library/device/usbd.c.o
                0x0000000000005c44                usbd_open_edpt_pair
 *fill*         0x0000000000005c92        0x2 
 .text.usbd_edpt_claim
                0x0000000000005c94       0x20 /private/var/folders/yr/s09md3pj6rnb8t8j8h_nm_rw0000gn/T/arduino/sketches/6F42A684AACEA67484E16B3739D2F520/libraries/Adafruit_TinyUSB_Library/device/usbd.c.o
                0x0000000000005c94                usbd_edpt_claim
 .text.usbd_edpt_release
                0x0000000000005cb4       0x20 /private/var/folders/yr/s09md3pj6rnb8t8j8h_nm_rw0000gn/T/arduino/sketches/6F42A684AACEA67484E16B3739D2F520/libraries/Adafruit_TinyUSB_Library/device/usbd.c.o
                0x0000000000005cb4                usbd_edpt_release
 .text.usbd_edpt_xfer
                0x0000000000005cd4       0x48 /private/var/folders/yr/s09md3pj6rnb8t8j8h_nm_rw0000gn/T/arduino/sketches/6F42A684AACEA67484E16B3739D2F520/libraries/Adafruit_TinyUSB_Library/device/usbd.c.o
                0x0000000000005cd4                usbd_edpt_xfer
 .text.usbd_edpt_busy
                0x0000000000005d1c       0x1c /private/var/folders/yr/s09md3pj6rnb8t8j8h_nm_rw0000gn/T/arduino/sketches/6F42A684AACEA67484E16B3739D2F520/libraries/Adafruit_TinyUSB_Library/device/usbd.c.o
                0x0000000000005d1c                usbd_edpt_busy
 .text.usbd_edpt_stall
                0x0000000000005d38       0x3c /private/var/folders/yr/s09md3pj6rnb8t8j8h_nm_rw0000gn/T/arduino/sketches/6F42A684AACEA67484E16B3739D2F520/libraries/Adafruit_TinyUSB_Library/device/usbd.c.o
                0x0000000000005d38                usbd_edpt_stall
 .text.usbd_edpt_clear_stall
                0x0000000000005d74       0x3c /private/var/folders/yr/s09md3pj6rnb8t8j8h_nm_rw0000gn/T/arduino/sketches/6F42A684AACEA67484E16B3739D2F520/libraries/Adafruit_TinyUSB_Library/device/usbd.c.o
                0x0000000000005d74                usbd_edpt_clear_stall
 .text.tud_task_ext
                0x0000000000005db0      0x534 /private/var/folders/yr/s09md3pj6rnb8t8j8h_nm_rw0000gn/T/arduino/sketches/6F42A684AACEA67484E16B3739D2F520/libraries/Adafruit_TinyUSB_Library/device/usbd.c.o
                0x0000000000005db0                tud_task_ext
 .text.usbd_edpt_stalled
                0x00000000000062e4       0x1c /private/var/folders/yr/s09md3pj6rnb8t8j8h_nm_rw0000gn/T/arduino/sketches/6F42A684AACEA67484E16B3739D2F520/libraries/Adafruit_TinyUSB_Library/device/usbd.c.o
                0x00000000000062e4                usbd_edpt_stalled
 .text._data_stage_xact
                0x0000000000006300       0x58 /private/var/folders/yr/s09md3pj6rnb8t8j8h_nm_rw0000gn/T/arduino/sketches/6F42A684AACEA67484E16B3739D2F520/libraries/Adafruit_TinyUSB_Library/device/usbd_control.c.o
 .text.tud_control_status
                0x0000000000006358       0x30 /private/var/folders/yr/s09md3pj6rnb8t8j8h_nm_rw0000gn/T/arduino/sketches/6F42A684AACEA67484E16B3739D2F520/libraries/Adafruit_TinyUSB_Library/device/usbd_control.c.o
                0x0000000000006358                tud_control_status
 .text.tud_control_xfer
                0x0000000000006388       0x60 /private/var/folders/yr/s09md3pj6rnb8t8j8h_nm_rw0000gn/T/arduino/sketches/6F42A684AACEA67484E16B3739D2F520/libraries/Adafruit_TinyUSB_Library/device/usbd_control.c.o
                0x0000000000006388                tud_control_xfer
 .text.usbd_control_reset
                0x00000000000063e8       0x14 /private/var/folders/yr/s09md3pj6rnb8t8j8h_nm_rw0000gn/T/arduino/sketches/6F42A684AACEA67484E16B3739D2F520/libraries/Adafruit_TinyUSB_Library/device/usbd_control.c.o
                0x00000000000063e8                usbd_control_reset
 .text.usbd_control_set_complete_callback
                0x00000000000063fc        0xc /private/var/folders/yr/s09md3pj6rnb8t8j8h_nm_rw0000gn/T/arduino/sketches/6F42A684AACEA67484E16B3739D2F520/libraries/Adafruit_TinyUSB_Library/device/usbd_control.c.o
                0x00000000000063fc                usbd_control_set_complete_callback
 .text.usbd_control_set_request
                0x0000000000006408       0x1c /private/var/folders/yr/s09md3pj6rnb8t8j8h_nm_rw0000gn/T/arduino/sketches/6F42A684AACEA67484E16B3739D2F520/libraries/Adafruit_TinyUSB_Library/device/usbd_control.c.o
                0x0000000000006408                usbd_control_set_request
 .text.usbd_control_xfer_cb
                0x0000000000006424       0xb0 /private/var/folders/yr/s09md3pj6rnb8t8j8h_nm_rw0000gn/T/arduino/sketches/6F42A684AACEA67484E16B3739D2F520/libraries/Adafruit_TinyUSB_Library/device/usbd_control.c.o
                0x0000000000006424                usbd_control_xfer_cb
 .text.dcd_init
                0x00000000000064d4       0x90 /private/var/folders/yr/s09md3pj6rnb8t8j8h_nm_rw0000gn/T/arduino/sketches/6F42A684AACEA67484E16B3739D2F520/libraries/Adafruit_TinyUSB_Library/portable/microchip/samd/dcd_samd.c.o
                0x00000000000064d4                dcd_init
 .text.dcd_int_enable
                0x0000000000006564        0xc /private/var/folders/yr/s09md3pj6rnb8t8j8h_nm_rw0000gn/T/arduino/sketches/6F42A684AACEA67484E16B3739D2F520/libraries/Adafruit_TinyUSB_Library/portable/microchip/samd/dcd_samd.c.o
                0x0000000000006564                dcd_int_enable
 .text.dcd_int_disable
                0x0000000000006570       0x14 /private/var/folders/yr/s09md3pj6rnb8t8j8h_nm_rw0000gn/T/arduino/sketches/6F42A684AACEA67484E16B3739D2F520/libraries/Adafruit_TinyUSB_Library/portable/microchip/samd/dcd_samd.c.o
                0x0000000000006570                dcd_int_disable
 .text.dcd_edpt0_status_complete
                0x0000000000006584       0x44 /private/var/folders/yr/s09md3pj6rnb8t8j8h_nm_rw0000gn/T/arduino/sketches/6F42A684AACEA67484E16B3739D2F520/libraries/Adafruit_TinyUSB_Library/portable/microchip/samd/dcd_samd.c.o
                0x0000000000006584                dcd_edpt0_status_complete
 .text.dcd_edpt_open
                0x00000000000065c8       0x9c /private/var/folders/yr/s09md3pj6rnb8t8j8h_nm_rw0000gn/T/arduino/sketches/6F42A684AACEA67484E16B3739D2F520/libraries/Adafruit_TinyUSB_Library/portable/microchip/samd/dcd_samd.c.o
                0x00000000000065c8                dcd_edpt_open
 .text.dcd_edpt_close_all
                0x0000000000006664        0x2 /private/var/folders/yr/s09md3pj6rnb8t8j8h_nm_rw0000gn/T/arduino/sketches/6F42A684AACEA67484E16B3739D2F520/libraries/Adafruit_TinyUSB_Library/portable/microchip/samd/dcd_samd.c.o
                0x0000000000006664                dcd_edpt_close_all
 *fill*         0x0000000000006666        0x2 
 .text.dcd_edpt_xfer
                0x0000000000006668       0x98 /private/var/folders/yr/s09md3pj6rnb8t8j8h_nm_rw0000gn/T/arduino/sketches/6F42A684AACEA67484E16B3739D2F520/libraries/Adafruit_TinyUSB_Library/portable/microchip/samd/dcd_samd.c.o
                0x0000000000006668                dcd_edpt_xfer
 .text.dcd_set_address
                0x0000000000006700       0x1c /private/var/folders/yr/s09md3pj6rnb8t8j8h_nm_rw0000gn/T/arduino/sketches/6F42A684AACEA67484E16B3739D2F520/libraries/Adafruit_TinyUSB_Library/portable/microchip/samd/dcd_samd.c.o
                0x0000000000006700                dcd_set_address
 .text.dcd_edpt_stall
                0x000000000000671c       0x1c /private/var/folders/yr/s09md3pj6rnb8t8j8h_nm_rw0000gn/T/arduino/sketches/6F42A684AACEA67484E16B3739D2F520/libraries/Adafruit_TinyUSB_Library/portable/microchip/samd/dcd_samd.c.o
                0x000000000000671c                dcd_edpt_stall
 .text.dcd_edpt_clear_stall
                0x0000000000006738       0x1c /private/var/folders/yr/s09md3pj6rnb8t8j8h_nm_rw0000gn/T/arduino/sketches/6F42A684AACEA67484E16B3739D2F520/libraries/Adafruit_TinyUSB_Library/portable/microchip/samd/dcd_samd.c.o
                0x0000000000006738                dcd_edpt_clear_stall
 .text.maybe_transfer_complete
                0x0000000000006754       0xbc /private/var/folders/yr/s09md3pj6rnb8t8j8h_nm_rw0000gn/T/arduino/sketches/6F42A684AACEA67484E16B3739D2F520/libraries/Adafruit_TinyUSB_Library/portable/microchip/samd/dcd_samd.c.o
                0x0000000000006754                maybe_transfer_complete
 .text.dcd_int_handler
                0x0000000000006810      0x12c /private/var/folders/yr/s09md3pj6rnb8t8j8h_nm_rw0000gn/T/arduino/sketches/6F42A684AACEA67484E16B3739D2F520/libraries/Adafruit_TinyUSB_Library/portable/microchip/samd/dcd_samd.c.o
                0x0000000000006810                dcd_int_handler
 .text.tusb_init
                0x000000000000693c        0xa /private/var/folders/yr/s09md3pj6rnb8t8j8h_nm_rw0000gn/T/arduino/sketches/6F42A684AACEA67484E16B3739D2F520/libraries/Adafruit_TinyUSB_Library/tusb.c.o
                0x000000000000693c                tusb_init
 .text.tusb_inited
                0x0000000000006946        0x8 /private/var/folders/yr/s09md3pj6rnb8t8j8h_nm_rw0000gn/T/arduino/sketches/6F42A684AACEA67484E16B3739D2F520/libraries/Adafruit_TinyUSB_Library/tusb.c.o
                0x0000000000006946                tusb_inited
 .text.tu_edpt_claim
                0x000000000000694e       0x3a /private/var/folders/yr/s09md3pj6rnb8t8j8h_nm_rw0000gn/T/arduino/sketches/6F42A684AACEA67484E16B3739D2F520/libraries/Adafruit_TinyUSB_Library/tusb.c.o
                0x000000000000694e                tu_edpt_claim
 .text.tu_edpt_release
                0x0000000000006988       0x20 /private/var/folders/yr/s09md3pj6rnb8t8j8h_nm_rw0000gn/T/arduino/sketches/6F42A684AACEA67484E16B3739D2F520/libraries/Adafruit_TinyUSB_Library/tusb.c.o
                0x0000000000006988                tu_edpt_release
 .text.tu_edpt_validate
                0x00000000000069a8       0x60 /private/var/folders/yr/s09md3pj6rnb8t8j8h_nm_rw0000gn/T/arduino/sketches/6F42A684AACEA67484E16B3739D2F520/libraries/Adafruit_TinyUSB_Library/tusb.c.o
                0x00000000000069a8                tu_edpt_validate
 .text.tu_edpt_bind_driver
                0x0000000000006a08       0x26 /private/var/folders/yr/s09md3pj6rnb8t8j8h_nm_rw0000gn/T/arduino/sketches/6F42A684AACEA67484E16B3739D2F520/libraries/Adafruit_TinyUSB_Library/tusb.c.o
                0x0000000000006a08                tu_edpt_bind_driver
 .text._ZN17Adafruit_NeoPixelD2Ev
                0x0000000000006a2e       0x1c /private/var/folders/yr/s09md3pj6rnb8t8j8h_nm_rw0000gn/T/arduino/sketches/6F42A684AACEA67484E16B3739D2F520/libraries/Adafruit_NeoPixel/Adafruit_NeoPixel.cpp.o
                0x0000000000006a2e                Adafruit_NeoPixel::~Adafruit_NeoPixel()
                0x0000000000006a2e                Adafruit_NeoPixel::~Adafruit_NeoPixel()
 .text._ZN17Adafruit_NeoPixel5beginEv
                0x0000000000006a4a       0x22 /private/var/folders/yr/s09md3pj6rnb8t8j8h_nm_rw0000gn/T/arduino/sketches/6F42A684AACEA67484E16B3739D2F520/libraries/Adafruit_NeoPixel/Adafruit_NeoPixel.cpp.o
                0x0000000000006a4a                Adafruit_NeoPixel::begin()
 .text._ZN17Adafruit_NeoPixel12updateLengthEt
                0x0000000000006a6c       0x3c /private/var/folders/yr/s09md3pj6rnb8t8j8h_nm_rw0000gn/T/arduino/sketches/6F42A684AACEA67484E16B3739D2F520/libraries/Adafruit_NeoPixel/Adafruit_NeoPixel.cpp.o
                0x0000000000006a6c                Adafruit_NeoPixel::updateLength(unsigned short)
 .text._ZN17Adafruit_NeoPixel10updateTypeEt
                0x0000000000006aa8       0x46 /private/var/folders/yr/s09md3pj6rnb8t8j8h_nm_rw0000gn/T/arduino/sketches/6F42A684AACEA67484E16B3739D2F520/libraries/Adafruit_NeoPixel/Adafruit_NeoPixel.cpp.o
                0x0000000000006aa8                Adafruit_NeoPixel::updateType(unsigned short)
 *fill*         0x0000000000006aee        0x2 
 .text._ZN17Adafruit_NeoPixel4showEv
                0x0000000000006af0      0x1fc /private/var/folders/yr/s09md3pj6rnb8t8j8h_nm_rw0000gn/T/arduino/sketches/6F42A684AACEA67484E16B3739D2F520/libraries/Adafruit_NeoPixel/Adafruit_NeoPixel.cpp.o
                0x0000000000006af0                Adafruit_NeoPixel::show()
 .text._ZN17Adafruit_NeoPixel6setPinEs
                0x0000000000006cec       0x34 /private/var/folders/yr/s09md3pj6rnb8t8j8h_nm_rw0000gn/T/arduino/sketches/6F42A684AACEA67484E16B3739D2F520/libraries/Adafruit_NeoPixel/Adafruit_NeoPixel.cpp.o
                0x0000000000006cec                Adafruit_NeoPixel::setPin(short)
 .text._ZN17Adafruit_NeoPixelC2Etst
                0x0000000000006d20       0x2e /private/var/folders/yr/s09md3pj6rnb8t8j8h_nm_rw0000gn/T/arduino/sketches/6F42A684AACEA67484E16B3739D2F520/libraries/Adafruit_NeoPixel/Adafruit_NeoPixel.cpp.o
                0x0000000000006d20                Adafruit_NeoPixel::Adafruit_NeoPixel(unsigned short, short, unsigned short)
                0x0000000000006d20                Adafruit_NeoPixel::Adafruit_NeoPixel(unsigned short, short, unsigned short)
 .text._ZN17Adafruit_NeoPixel13setPixelColorEthhh
                0x0000000000006d4e       0x46 /private/var/folders/yr/s09md3pj6rnb8t8j8h_nm_rw0000gn/T/arduino/sketches/6F42A684AACEA67484E16B3739D2F520/libraries/Adafruit_NeoPixel/Adafruit_NeoPixel.cpp.o
                0x0000000000006d4e                Adafruit_NeoPixel::setPixelColor(unsigned short, unsigned char, unsigned char, unsigned char)
 .text._ZN17Adafruit_NeoPixel13setBrightnessEh
                0x0000000000006d94       0x4c /private/var/folders/yr/s09md3pj6rnb8t8j8h_nm_rw0000gn/T/arduino/sketches/6F42A684AACEA67484E16B3739D2F520/libraries/Adafruit_NeoPixel/Adafruit_NeoPixel.cpp.o
                0x0000000000006d94                Adafruit_NeoPixel::setBrightness(unsigned char)
 .text._ZN17Adafruit_NeoPixel5clearEv
                0x0000000000006de0        0xe /private/var/folders/yr/s09md3pj6rnb8t8j8h_nm_rw0000gn/T/arduino/sketches/6F42A684AACEA67484E16B3739D2F520/libraries/Adafruit_NeoPixel/Adafruit_NeoPixel.cpp.o
                0x0000000000006de0                Adafruit_NeoPixel::clear()
 *fill*         0x0000000000006dee        0x2 
 .text.SERCOM0_Handler
                0x0000000000006df0       0x10 /private/var/folders/yr/s09md3pj6rnb8t8j8h_nm_rw0000gn/T/arduino/sketches/6F42A684AACEA67484E16B3739D2F520/core/variant.cpp.o
                0x0000000000006df0                SERCOM0_Handler
 .text._Z11initVariantv
                0x0000000000006e00       0x14 /private/var/folders/yr/s09md3pj6rnb8t8j8h_nm_rw0000gn/T/arduino/sketches/6F42A684AACEA67484E16B3739D2F520/core/variant.cpp.o
                0x0000000000006e00                initVariant()
 .text.startup._GLOBAL__sub_I_g_APinDescription
                0x0000000000006e14       0x60 /private/var/folders/yr/s09md3pj6rnb8t8j8h_nm_rw0000gn/T/arduino/sketches/6F42A684AACEA67484E16B3739D2F520/core/variant.cpp.o
 .text._ZN5Print5writeEPKhj
                0x0000000000006e74       0x24 /private/var/folders/yr/s09md3pj6rnb8t8j8h_nm_rw0000gn/T/arduino/sketches/6F42A684AACEA67484E16B3739D2F520/../../cores/adafruit_samd_adafruit_qtpy_m0_opt_small,usbstack_tinyusb,debug_off_34643cbfd0ea8e45a4ba8f92f810d616/core.a(Print.cpp.o)
                0x0000000000006e74                Print::write(unsigned char const*, unsigned int)
 .text.initiateReset
                0x0000000000006e98        0xc /private/var/folders/yr/s09md3pj6rnb8t8j8h_nm_rw0000gn/T/arduino/sketches/6F42A684AACEA67484E16B3739D2F520/../../cores/adafruit_samd_adafruit_qtpy_m0_opt_small,usbstack_tinyusb,debug_off_34643cbfd0ea8e45a4ba8f92f810d616/core.a(Reset.cpp.o)
                0x0000000000006e98                initiateReset
 .text.tickReset
                0x0000000000006ea4       0x74 /private/var/folders/yr/s09md3pj6rnb8t8j8h_nm_rw0000gn/T/arduino/sketches/6F42A684AACEA67484E16B3739D2F520/../../cores/adafruit_samd_adafruit_qtpy_m0_opt_small,usbstack_tinyusb,debug_off_34643cbfd0ea8e45a4ba8f92f810d616/core.a(Reset.cpp.o)
                0x0000000000006ea4                tickReset
 .text._ZN6SERCOMC2EP6Sercom
                0x0000000000006f18        0x4 /private/var/folders/yr/s09md3pj6rnb8t8j8h_nm_rw0000gn/T/arduino/sketches/6F42A684AACEA67484E16B3739D2F520/../../cores/adafruit_samd_adafruit_qtpy_m0_opt_small,usbstack_tinyusb,debug_off_34643cbfd0ea8e45a4ba8f92f810d616/core.a(SERCOM.cpp.o)
                0x0000000000006f18                SERCOM::SERCOM(Sercom*)
                0x0000000000006f18                SERCOM::SERCOM(Sercom*)
 .text._ZN6SERCOM9initFrameE18SercomUartCharSize15SercomDataOrder16SercomParityMode19SercomNumberStopBit
                0x0000000000006f1c       0x3a /private/var/folders/yr/s09md3pj6rnb8t8j8h_nm_rw0000gn/T/arduino/sketches/6F42A684AACEA67484E16B3739D2F520/../../cores/adafruit_samd_adafruit_qtpy_m0_opt_small,usbstack_tinyusb,debug_off_34643cbfd0ea8e45a4ba8f92f810d616/core.a(SERCOM.cpp.o)
                0x0000000000006f1c                SERCOM::initFrame(SercomUartCharSize, SercomDataOrder, SercomParityMode, SercomNumberStopBit)
 .text._ZN6SERCOM8initPadsE15SercomUartTXPad11SercomRXPad
                0x0000000000006f56       0x26 /private/var/folders/yr/s09md3pj6rnb8t8j8h_nm_rw0000gn/T/arduino/sketches/6F42A684AACEA67484E16B3739D2F520/../../cores/adafruit_samd_adafruit_qtpy_m0_opt_small,usbstack_tinyusb,debug_off_34643cbfd0ea8e45a4ba8f92f810d616/core.a(SERCOM.cpp.o)
                0x0000000000006f56                SERCOM::initPads(SercomUartTXPad, SercomRXPad)
 .text._ZN6SERCOM9resetUARTEv
                0x0000000000006f7c       0x1a /private/var/folders/yr/s09md3pj6rnb8t8j8h_nm_rw0000gn/T/arduino/sketches/6F42A684AACEA67484E16B3739D2F520/../../cores/adafruit_samd_adafruit_qtpy_m0_opt_small,usbstack_tinyusb,debug_off_34643cbfd0ea8e45a4ba8f92f810d616/core.a(SERCOM.cpp.o)
                0x0000000000006f7c                SERCOM::resetUART()
 .text._ZN6SERCOM10enableUARTEv
                0x0000000000006f96       0x14 /private/var/folders/yr/s09md3pj6rnb8t8j8h_nm_rw0000gn/T/arduino/sketches/6F42A684AACEA67484E16B3739D2F520/../../cores/adafruit_samd_adafruit_qtpy_m0_opt_small,usbstack_tinyusb,debug_off_34643cbfd0ea8e45a4ba8f92f810d616/core.a(SERCOM.cpp.o)
                0x0000000000006f96                SERCOM::enableUART()
 .text._ZN6SERCOM9flushUARTEv
                0x0000000000006faa       0x10 /private/var/folders/yr/s09md3pj6rnb8t8j8h_nm_rw0000gn/T/arduino/sketches/6F42A684AACEA67484E16B3739D2F520/../../cores/adafruit_samd_adafruit_qtpy_m0_opt_small,usbstack_tinyusb,debug_off_34643cbfd0ea8e45a4ba8f92f810d616/core.a(SERCOM.cpp.o)
                0x0000000000006faa                SERCOM::flushUART()
 .text._ZN6SERCOM15clearStatusUARTEv
                0x0000000000006fba        0x8 /private/var/folders/yr/s09md3pj6rnb8t8j8h_nm_rw0000gn/T/arduino/sketches/6F42A684AACEA67484E16B3739D2F520/../../cores/adafruit_samd_adafruit_qtpy_m0_opt_small,usbstack_tinyusb,debug_off_34643cbfd0ea8e45a4ba8f92f810d616/core.a(SERCOM.cpp.o)
                0x0000000000006fba                SERCOM::clearStatusUART()
 .text._ZN6SERCOM17availableDataUARTEv
                0x0000000000006fc2        0xa /private/var/folders/yr/s09md3pj6rnb8t8j8h_nm_rw0000gn/T/arduino/sketches/6F42A684AACEA67484E16B3739D2F520/../../cores/adafruit_samd_adafruit_qtpy_m0_opt_small,usbstack_tinyusb,debug_off_34643cbfd0ea8e45a4ba8f92f810d616/core.a(SERCOM.cpp.o)
                0x0000000000006fc2                SERCOM::availableDataUART()
 .text._ZN6SERCOM11isUARTErrorEv
                0x0000000000006fcc        0x8 /private/var/folders/yr/s09md3pj6rnb8t8j8h_nm_rw0000gn/T/arduino/sketches/6F42A684AACEA67484E16B3739D2F520/../../cores/adafruit_samd_adafruit_qtpy_m0_opt_small,usbstack_tinyusb,debug_off_34643cbfd0ea8e45a4ba8f92f810d616/core.a(SERCOM.cpp.o)
                0x0000000000006fcc                SERCOM::isUARTError()
 .text._ZN6SERCOM20acknowledgeUARTErrorEv
                0x0000000000006fd4        0xe /private/var/folders/yr/s09md3pj6rnb8t8j8h_nm_rw0000gn/T/arduino/sketches/6F42A684AACEA67484E16B3739D2F520/../../cores/adafruit_samd_adafruit_qtpy_m0_opt_small,usbstack_tinyusb,debug_off_34643cbfd0ea8e45a4ba8f92f810d616/core.a(SERCOM.cpp.o)
                0x0000000000006fd4                SERCOM::acknowledgeUARTError()
 .text._ZN6SERCOM16isFrameErrorUARTEv
                0x0000000000006fe2        0xa /private/var/folders/yr/s09md3pj6rnb8t8j8h_nm_rw0000gn/T/arduino/sketches/6F42A684AACEA67484E16B3739D2F520/../../cores/adafruit_samd_adafruit_qtpy_m0_opt_small,usbstack_tinyusb,debug_off_34643cbfd0ea8e45a4ba8f92f810d616/core.a(SERCOM.cpp.o)
                0x0000000000006fe2                SERCOM::isFrameErrorUART()
 .text._ZN6SERCOM19clearFrameErrorUARTEv
                0x0000000000006fec        0xc /private/var/folders/yr/s09md3pj6rnb8t8j8h_nm_rw0000gn/T/arduino/sketches/6F42A684AACEA67484E16B3739D2F520/../../cores/adafruit_samd_adafruit_qtpy_m0_opt_small,usbstack_tinyusb,debug_off_34643cbfd0ea8e45a4ba8f92f810d616/core.a(SERCOM.cpp.o)
                0x0000000000006fec                SERCOM::clearFrameErrorUART()
 .text._ZN6SERCOM23isDataRegisterEmptyUARTEv
                0x0000000000006ff8        0xa /private/var/folders/yr/s09md3pj6rnb8t8j8h_nm_rw0000gn/T/arduino/sketches/6F42A684AACEA67484E16B3739D2F520/../../cores/adafruit_samd_adafruit_qtpy_m0_opt_small,usbstack_tinyusb,debug_off_34643cbfd0ea8e45a4ba8f92f810d616/core.a(SERCOM.cpp.o)
                0x0000000000006ff8                SERCOM::isDataRegisterEmptyUART()
 .text._ZN6SERCOM12readDataUARTEv
                0x0000000000007002        0x8 /private/var/folders/yr/s09md3pj6rnb8t8j8h_nm_rw0000gn/T/arduino/sketches/6F42A684AACEA67484E16B3739D2F520/../../cores/adafruit_samd_adafruit_qtpy_m0_opt_small,usbstack_tinyusb,debug_off_34643cbfd0ea8e45a4ba8f92f810d616/core.a(SERCOM.cpp.o)
                0x0000000000007002                SERCOM::readDataUART()
 .text._ZN6SERCOM13writeDataUARTEh
                0x000000000000700a       0x10 /private/var/folders/yr/s09md3pj6rnb8t8j8h_nm_rw0000gn/T/arduino/sketches/6F42A684AACEA67484E16B3739D2F520/../../cores/adafruit_samd_adafruit_qtpy_m0_opt_small,usbstack_tinyusb,debug_off_34643cbfd0ea8e45a4ba8f92f810d616/core.a(SERCOM.cpp.o)
                0x000000000000700a                SERCOM::writeDataUART(unsigned char)
 .text._ZN6SERCOM36enableDataRegisterEmptyInterruptUARTEv
                0x000000000000701a        0x8 /private/var/folders/yr/s09md3pj6rnb8t8j8h_nm_rw0000gn/T/arduino/sketches/6F42A684AACEA67484E16B3739D2F520/../../cores/adafruit_samd_adafruit_qtpy_m0_opt_small,usbstack_tinyusb,debug_off_34643cbfd0ea8e45a4ba8f92f810d616/core.a(SERCOM.cpp.o)
                0x000000000000701a                SERCOM::enableDataRegisterEmptyInterruptUART()
 .text._ZN6SERCOM37disableDataRegisterEmptyInterruptUARTEv
                0x0000000000007022        0x8 /private/var/folders/yr/s09md3pj6rnb8t8j8h_nm_rw0000gn/T/arduino/sketches/6F42A684AACEA67484E16B3739D2F520/../../cores/adafruit_samd_adafruit_qtpy_m0_opt_small,usbstack_tinyusb,debug_off_34643cbfd0ea8e45a4ba8f92f810d616/core.a(SERCOM.cpp.o)
                0x0000000000007022                SERCOM::disableDataRegisterEmptyInterruptUART()
 *fill*         0x000000000000702a        0x2 
 .text._ZN6SERCOM14getSercomIndexEv
                0x000000000000702c       0x40 /private/var/folders/yr/s09md3pj6rnb8t8j8h_nm_rw0000gn/T/arduino/sketches/6F42A684AACEA67484E16B3739D2F520/../../cores/adafruit_samd_adafruit_qtpy_m0_opt_small,usbstack_tinyusb,debug_off_34643cbfd0ea8e45a4ba8f92f810d616/core.a(SERCOM.cpp.o)
                0x000000000000702c                SERCOM::getSercomIndex()
 .text._ZN6SERCOM13initClockNVICEv
                0x000000000000706c       0x90 /private/var/folders/yr/s09md3pj6rnb8t8j8h_nm_rw0000gn/T/arduino/sketches/6F42A684AACEA67484E16B3739D2F520/../../cores/adafruit_samd_adafruit_qtpy_m0_opt_small,usbstack_tinyusb,debug_off_34643cbfd0ea8e45a4ba8f92f810d616/core.a(SERCOM.cpp.o)
                0x000000000000706c                SERCOM::initClockNVIC()
 .text._ZN6SERCOM8initUARTE14SercomUartMode20SercomUartSampleRatem
                0x00000000000070fc       0x6c /private/var/folders/yr/s09md3pj6rnb8t8j8h_nm_rw0000gn/T/arduino/sketches/6F42A684AACEA67484E16B3739D2F520/../../cores/adafruit_samd_adafruit_qtpy_m0_opt_small,usbstack_tinyusb,debug_off_34643cbfd0ea8e45a4ba8f92f810d616/core.a(SERCOM.cpp.o)
                0x00000000000070fc                SERCOM::initUART(SercomUartMode, SercomUartSampleRate, unsigned long)
 .text._ZN4UartcvbEv
                0x0000000000007168        0x4 /private/var/folders/yr/s09md3pj6rnb8t8j8h_nm_rw0000gn/T/arduino/sketches/6F42A684AACEA67484E16B3739D2F520/../../cores/adafruit_samd_adafruit_qtpy_m0_opt_small,usbstack_tinyusb,debug_off_34643cbfd0ea8e45a4ba8f92f810d616/core.a(Uart.cpp.o)
                0x0000000000007168                Uart::operator bool()
 .text._ZN4Uart5beginEm
                0x000000000000716c       0x10 /private/var/folders/yr/s09md3pj6rnb8t8j8h_nm_rw0000gn/T/arduino/sketches/6F42A684AACEA67484E16B3739D2F520/../../cores/adafruit_samd_adafruit_qtpy_m0_opt_small,usbstack_tinyusb,debug_off_34643cbfd0ea8e45a4ba8f92f810d616/core.a(Uart.cpp.o)
                0x000000000000716c                Uart::begin(unsigned long)
 .text._ZN4Uart4peekEv
                0x000000000000717c       0x1a /private/var/folders/yr/s09md3pj6rnb8t8j8h_nm_rw0000gn/T/arduino/sketches/6F42A684AACEA67484E16B3739D2F520/../../cores/adafruit_samd_adafruit_qtpy_m0_opt_small,usbstack_tinyusb,debug_off_34643cbfd0ea8e45a4ba8f92f810d616/core.a(Uart.cpp.o)
                0x000000000000717c                Uart::peek()
 .text._ZN4Uart3endEv
                0x0000000000007196       0x20 /private/var/folders/yr/s09md3pj6rnb8t8j8h_nm_rw0000gn/T/arduino/sketches/6F42A684AACEA67484E16B3739D2F520/../../cores/adafruit_samd_adafruit_qtpy_m0_opt_small,usbstack_tinyusb,debug_off_34643cbfd0ea8e45a4ba8f92f810d616/core.a(Uart.cpp.o)
                0x0000000000007196                Uart::end()
 .text._ZN4Uart15extractCharSizeEt
                0x00000000000071b6       0x28 /private/var/folders/yr/s09md3pj6rnb8t8j8h_nm_rw0000gn/T/arduino/sketches/6F42A684AACEA67484E16B3739D2F520/../../cores/adafruit_samd_adafruit_qtpy_m0_opt_small,usbstack_tinyusb,debug_off_34643cbfd0ea8e45a4ba8f92f810d616/core.a(Uart.cpp.o)
                0x00000000000071b6                Uart::extractCharSize(unsigned short)
 .text._ZN4Uart13extractParityEt
                0x00000000000071de       0x14 /private/var/folders/yr/s09md3pj6rnb8t8j8h_nm_rw0000gn/T/arduino/sketches/6F42A684AACEA67484E16B3739D2F520/../../cores/adafruit_samd_adafruit_qtpy_m0_opt_small,usbstack_tinyusb,debug_off_34643cbfd0ea8e45a4ba8f92f810d616/core.a(Uart.cpp.o)
                0x00000000000071de                Uart::extractParity(unsigned short)
 *fill*         0x00000000000071f2        0x2 
 .text._ZN4Uart5beginEmt
                0x00000000000071f4       0xf8 /private/var/folders/yr/s09md3pj6rnb8t8j8h_nm_rw0000gn/T/arduino/sketches/6F42A684AACEA67484E16B3739D2F520/../../cores/adafruit_samd_adafruit_qtpy_m0_opt_small,usbstack_tinyusb,debug_off_34643cbfd0ea8e45a4ba8f92f810d616/core.a(Uart.cpp.o)
                0x00000000000071f4                Uart::begin(unsigned long, unsigned short)
 .text._ZN11RingBufferNILi350EEC2Ev
                0x00000000000072ec       0x1c /private/var/folders/yr/s09md3pj6rnb8t8j8h_nm_rw0000gn/T/arduino/sketches/6F42A684AACEA67484E16B3739D2F520/../../cores/adafruit_samd_adafruit_qtpy_m0_opt_small,usbstack_tinyusb,debug_off_34643cbfd0ea8e45a4ba8f92f810d616/core.a(Uart.cpp.o)
                0x00000000000072ec                RingBufferN<350>::RingBufferN()
                0x00000000000072ec                RingBufferN<350>::RingBufferN()
 .text._ZN4UartC2EP6SERCOMhh11SercomRXPad15SercomUartTXPad
                0x0000000000007308       0x70 /private/var/folders/yr/s09md3pj6rnb8t8j8h_nm_rw0000gn/T/arduino/sketches/6F42A684AACEA67484E16B3739D2F520/../../cores/adafruit_samd_adafruit_qtpy_m0_opt_small,usbstack_tinyusb,debug_off_34643cbfd0ea8e45a4ba8f92f810d616/core.a(Uart.cpp.o)
                0x0000000000007308                Uart::Uart(SERCOM*, unsigned char, unsigned char, SercomRXPad, SercomUartTXPad)
                0x0000000000007308                Uart::Uart(SERCOM*, unsigned char, unsigned char, SercomRXPad, SercomUartTXPad)
 .text._ZN11RingBufferNILi350EE9availableEv
                0x0000000000007378       0x12 /private/var/folders/yr/s09md3pj6rnb8t8j8h_nm_rw0000gn/T/arduino/sketches/6F42A684AACEA67484E16B3739D2F520/../../cores/adafruit_samd_adafruit_qtpy_m0_opt_small,usbstack_tinyusb,debug_off_34643cbfd0ea8e45a4ba8f92f810d616/core.a(Uart.cpp.o)
                0x0000000000007378                RingBufferN<350>::available()
 .text._ZN4Uart5flushEv
                0x000000000000738a       0x1a /private/var/folders/yr/s09md3pj6rnb8t8j8h_nm_rw0000gn/T/arduino/sketches/6F42A684AACEA67484E16B3739D2F520/../../cores/adafruit_samd_adafruit_qtpy_m0_opt_small,usbstack_tinyusb,debug_off_34643cbfd0ea8e45a4ba8f92f810d616/core.a(Uart.cpp.o)
                0x000000000000738a                Uart::flush()
 .text._ZN4Uart9availableEv
                0x00000000000073a4        0xa /private/var/folders/yr/s09md3pj6rnb8t8j8h_nm_rw0000gn/T/arduino/sketches/6F42A684AACEA67484E16B3739D2F520/../../cores/adafruit_samd_adafruit_qtpy_m0_opt_small,usbstack_tinyusb,debug_off_34643cbfd0ea8e45a4ba8f92f810d616/core.a(Uart.cpp.o)
                0x00000000000073a4                Uart::available()
 .text._ZN11RingBufferNILi350EE17availableForStoreEv
                0x00000000000073ae       0x22 /private/var/folders/yr/s09md3pj6rnb8t8j8h_nm_rw0000gn/T/arduino/sketches/6F42A684AACEA67484E16B3739D2F520/../../cores/adafruit_samd_adafruit_qtpy_m0_opt_small,usbstack_tinyusb,debug_off_34643cbfd0ea8e45a4ba8f92f810d616/core.a(Uart.cpp.o)
                0x00000000000073ae                RingBufferN<350>::availableForStore()
 .text._ZN4Uart17availableForWriteEv